[0.009s] Invoking command in '/home/hassan/Desktop/traffic_map/build/traffic_map': CMAKE_PREFIX_PATH=/opt/ros/humble /usr/bin/cmake --build /home/hassan/Desktop/traffic_map/build/traffic_map -- -j12 -l12
[0.071s] [ 50%] Built target map_parser
[0.095s] [ 66%] Building CXX object CMakeFiles/road_visualization.dir/src/road_visualization.cpp.o
[5.685s] [ 83%] Linking CXX executable road_visualization
[5.962s] [100%] Built target road_visualization
[5.971s] Invoked command in '/home/hassan/Desktop/traffic_map/build/traffic_map' returned '0': CMAKE_PREFIX_PATH=/opt/ros/humble /usr/bin/cmake --build /home/hassan/Desktop/traffic_map/build/traffic_map -- -j12 -l12
[5.980s] Invoking command in '/home/hassan/Desktop/traffic_map/build/traffic_map': CMAKE_PREFIX_PATH=/opt/ros/humble /usr/bin/cmake --install /home/hassan/Desktop/traffic_map/build/traffic_map
[5.986s] -- Install configuration: ""
[5.986s] -- Execute custom install script
[5.987s] -- Up-to-date symlink: /home/hassan/Desktop/traffic_map/install/traffic_map/lib/traffic_map/road_visualization
[5.987s] -- Up-to-date symlink: /home/hassan/Desktop/traffic_map/install/traffic_map/share/traffic_map/maps/bjb_sangjani_full.xodr
[5.987s] -- Up-to-date symlink: /home/hassan/Desktop/traffic_map/install/traffic_map/share/traffic_map/rviz/traffic_map.rviz
[5.987s] -- Up-to-date symlink: /home/hassan/Desktop/traffic_map/install/traffic_map/share/ament_index/resource_index/package_run_dependencies/traffic_map
[5.987s] -- Up-to-date symlink: /home/hassan/Desktop/traffic_map/install/traffic_map/share/ament_index/resource_index/parent_prefix_path/traffic_map
[5.988s] -- Up-to-date symlink: /home/hassan/Desktop/traffic_map/install/traffic_map/share/traffic_map/environment/ament_prefix_path.sh
[5.988s] -- Up-to-date symlink: /home/hassan/Desktop/traffic_map/install/traffic_map/share/traffic_map/environment/ament_prefix_path.dsv
[5.988s] -- Up-to-date symlink: /home/hassan/Desktop/traffic_map/install/traffic_map/share/traffic_map/environment/path.sh
[5.988s] -- Up-to-date symlink: /home/hassan/Desktop/traffic_map/install/traffic_map/share/traffic_map/environment/path.dsv
[5.988s] -- Up-to-date symlink: /home/hassan/Desktop/traffic_map/install/traffic_map/share/traffic_map/local_setup.bash
[5.988s] -- Up-to-date symlink: /home/hassan/Desktop/traffic_map/install/traffic_map/share/traffic_map/local_setup.sh
[5.988s] -- Up-to-date symlink: /home/hassan/Desktop/traffic_map/install/traffic_map/share/traffic_map/local_setup.zsh
[5.989s] -- Up-to-date symlink: /home/hassan/Desktop/traffic_map/install/traffic_map/share/traffic_map/local_setup.dsv
[5.989s] -- Symlinking: /home/hassan/Desktop/traffic_map/install/traffic_map/share/traffic_map/package.dsv
[5.996s] -- Up-to-date symlink: /home/hassan/Desktop/traffic_map/install/traffic_map/share/ament_index/resource_index/packages/traffic_map
[5.996s] -- Up-to-date symlink: /home/hassan/Desktop/traffic_map/install/traffic_map/share/traffic_map/cmake/traffic_mapConfig.cmake
[5.996s] -- Up-to-date symlink: /home/hassan/Desktop/traffic_map/install/traffic_map/share/traffic_map/cmake/traffic_mapConfig-version.cmake
[5.997s] -- Up-to-date symlink: /home/hassan/Desktop/traffic_map/install/traffic_map/share/traffic_map/package.xml
[5.998s] Invoked command in '/home/hassan/Desktop/traffic_map/build/traffic_map' returned '0': CMAKE_PREFIX_PATH=/opt/ros/humble /usr/bin/cmake --install /home/hassan/Desktop/traffic_map/build/traffic_map
