[0.042s] Invoking command in '/home/hassan/Desktop/traffic_map/build/traffic_map': CMAKE_PREFIX_PATH=/opt/ros/humble /usr/bin/cmake --build /home/hassan/Desktop/traffic_map/build/traffic_map -- -j12 -l12
[0.219s] [ 50%] Built target map_parser
[0.313s] [100%] Built target road_visualization
[0.350s] Invoked command in '/home/hassan/Desktop/traffic_map/build/traffic_map' returned '0': CMAKE_PREFIX_PATH=/opt/ros/humble /usr/bin/cmake --build /home/hassan/Desktop/traffic_map/build/traffic_map -- -j12 -l12
[0.383s] Invoking command in '/home/hassan/Desktop/traffic_map/build/traffic_map': CMAKE_PREFIX_PATH=/opt/ros/humble /usr/bin/cmake --install /home/hassan/Desktop/traffic_map/build/traffic_map
[0.405s] -- Install configuration: ""
[0.407s] -- Execute custom install script
[0.409s] -- Up-to-date symlink: /home/hassan/Desktop/traffic_map/install/traffic_map/lib/traffic_map/road_visualization
[0.409s] -- Up-to-date symlink: /home/hassan/Desktop/traffic_map/install/traffic_map/share/traffic_map/maps/bjb_sangjani_full.xodr
[0.411s] -- Up-to-date symlink: /home/hassan/Desktop/traffic_map/install/traffic_map/share/traffic_map/rviz/traffic_map.rviz
[0.411s] -- Up-to-date symlink: /home/hassan/Desktop/traffic_map/install/traffic_map/share/ament_index/resource_index/package_run_dependencies/traffic_map
[0.412s] -- Up-to-date symlink: /home/hassan/Desktop/traffic_map/install/traffic_map/share/ament_index/resource_index/parent_prefix_path/traffic_map
[0.413s] -- Up-to-date symlink: /home/hassan/Desktop/traffic_map/install/traffic_map/share/traffic_map/environment/ament_prefix_path.sh
[0.413s] -- Up-to-date symlink: /home/hassan/Desktop/traffic_map/install/traffic_map/share/traffic_map/environment/ament_prefix_path.dsv
[0.414s] -- Up-to-date symlink: /home/hassan/Desktop/traffic_map/install/traffic_map/share/traffic_map/environment/path.sh
[0.415s] -- Up-to-date symlink: /home/hassan/Desktop/traffic_map/install/traffic_map/share/traffic_map/environment/path.dsv
[0.415s] -- Up-to-date symlink: /home/hassan/Desktop/traffic_map/install/traffic_map/share/traffic_map/local_setup.bash
[0.416s] -- Up-to-date symlink: /home/hassan/Desktop/traffic_map/install/traffic_map/share/traffic_map/local_setup.sh
[0.417s] -- Up-to-date symlink: /home/hassan/Desktop/traffic_map/install/traffic_map/share/traffic_map/local_setup.zsh
[0.417s] -- Up-to-date symlink: /home/hassan/Desktop/traffic_map/install/traffic_map/share/traffic_map/local_setup.dsv
[0.418s] -- Symlinking: /home/hassan/Desktop/traffic_map/install/traffic_map/share/traffic_map/package.dsv
[0.447s] -- Up-to-date symlink: /home/hassan/Desktop/traffic_map/install/traffic_map/share/ament_index/resource_index/packages/traffic_map
[0.448s] -- Up-to-date symlink: /home/hassan/Desktop/traffic_map/install/traffic_map/share/traffic_map/cmake/traffic_mapConfig.cmake
[0.448s] -- Up-to-date symlink: /home/hassan/Desktop/traffic_map/install/traffic_map/share/traffic_map/cmake/traffic_mapConfig-version.cmake
[0.449s] -- Up-to-date symlink: /home/hassan/Desktop/traffic_map/install/traffic_map/share/traffic_map/package.xml
[0.455s] Invoked command in '/home/hassan/Desktop/traffic_map/build/traffic_map' returned '0': CMAKE_PREFIX_PATH=/opt/ros/humble /usr/bin/cmake --install /home/hassan/Desktop/traffic_map/build/traffic_map
