[0.456s] DEBUG:colcon:Command line arguments: ['/usr/bin/colcon', 'build', '--symlink-install']
[0.456s] DEBUG:colcon:Parsed command line arguments: Namespace(log_base=None, log_level=None, verb_name='build', build_base='build', install_base='install', merge_install=False, symlink_install=True, test_result_base=None, continue_on_error=False, executor='parallel', parallel_workers=12, event_handlers=None, ignore_user_meta=False, metas=['./colcon.meta'], base_paths=['.'], packages_ignore=None, packages_ignore_regex=None, paths=None, packages_up_to=None, packages_up_to_regex=None, packages_above=None, packages_above_and_dependencies=None, packages_above_depth=None, packages_select_by_dep=None, packages_skip_by_dep=None, packages_skip_up_to=None, packages_select_build_failed=False, packages_skip_build_finished=False, packages_select_test_failures=False, packages_skip_test_passed=False, packages_select=None, packages_skip=None, packages_select_regex=None, packages_skip_regex=None, packages_start=None, packages_end=None, allow_overriding=[], cmake_args=None, cmake_target=None, cmake_target_skip_unavailable=False, cmake_clean_cache=False, cmake_clean_first=False, cmake_force_configure=False, ament_cmake_args=None, catkin_cmake_args=None, catkin_skip_building_tests=False, mixin_files=None, mixin=None, verb_parser=<colcon_mixin.mixin.mixin_argument.MixinArgumentDecorator object at 0x77bf12d61ea0>, verb_extension=<colcon_core.verb.build.BuildVerb object at 0x77bf12e770d0>, main=<bound method BuildVerb.main of <colcon_core.verb.build.BuildVerb object at 0x77bf12e770d0>>, mixin_verb=('build',))
[1.173s] Level 1:colcon.colcon_core.package_discovery:discover_packages(colcon_meta) check parameters
[1.174s] Level 1:colcon.colcon_core.package_discovery:discover_packages(recursive) check parameters
[1.174s] Level 1:colcon.colcon_core.package_discovery:discover_packages(ignore) check parameters
[1.174s] Level 1:colcon.colcon_core.package_discovery:discover_packages(path) check parameters
[1.174s] Level 1:colcon.colcon_core.package_discovery:discover_packages(colcon_meta) discover
[1.175s] Level 1:colcon.colcon_core.package_discovery:discover_packages(recursive) discover
[1.175s] INFO:colcon.colcon_core.package_discovery:Crawling recursively for packages in '/home/hassan/Desktop/traffic_map'
[1.175s] Level 1:colcon.colcon_core.package_identification:_identify(.) by extensions ['ignore', 'ignore_ament_install']
[1.176s] Level 1:colcon.colcon_core.package_identification:_identify(.) by extension 'ignore'
[1.176s] Level 1:colcon.colcon_core.package_identification:_identify(.) by extension 'ignore_ament_install'
[1.176s] Level 1:colcon.colcon_core.package_identification:_identify(.) by extensions ['colcon_pkg']
[1.176s] Level 1:colcon.colcon_core.package_identification:_identify(.) by extension 'colcon_pkg'
[1.177s] Level 1:colcon.colcon_core.package_identification:_identify(.) by extensions ['colcon_meta']
[1.177s] Level 1:colcon.colcon_core.package_identification:_identify(.) by extension 'colcon_meta'
[1.177s] Level 1:colcon.colcon_core.package_identification:_identify(.) by extensions ['ros']
[1.177s] Level 1:colcon.colcon_core.package_identification:_identify(.) by extension 'ros'
[1.254s] DEBUG:colcon.colcon_core.package_identification:Package '.' with type 'ros.ament_cmake' and name 'traffic_map'
[1.255s] Level 1:colcon.colcon_core.package_discovery:discover_packages(recursive) using defaults
[1.255s] Level 1:colcon.colcon_core.package_discovery:discover_packages(ignore) discover
[1.255s] Level 1:colcon.colcon_core.package_discovery:discover_packages(ignore) using defaults
[1.255s] Level 1:colcon.colcon_core.package_discovery:discover_packages(path) discover
[1.255s] Level 1:colcon.colcon_core.package_discovery:discover_packages(path) using defaults
[1.403s] Level 1:colcon.colcon_core.package_discovery:discover_packages(prefix_path) check parameters
[1.403s] Level 1:colcon.colcon_core.package_discovery:discover_packages(prefix_path) discover
[1.418s] DEBUG:colcon.colcon_installed_package_information.package_discovery:Found 273 installed packages in /opt/ros/humble
[1.427s] Level 1:colcon.colcon_core.package_discovery:discover_packages(prefix_path) using defaults
[1.680s] Level 5:colcon.colcon_core.verb:set package 'traffic_map' build argument 'cmake_args' from command line to 'None'
[1.680s] Level 5:colcon.colcon_core.verb:set package 'traffic_map' build argument 'cmake_target' from command line to 'None'
[1.680s] Level 5:colcon.colcon_core.verb:set package 'traffic_map' build argument 'cmake_target_skip_unavailable' from command line to 'False'
[1.681s] Level 5:colcon.colcon_core.verb:set package 'traffic_map' build argument 'cmake_clean_cache' from command line to 'False'
[1.681s] Level 5:colcon.colcon_core.verb:set package 'traffic_map' build argument 'cmake_clean_first' from command line to 'False'
[1.681s] Level 5:colcon.colcon_core.verb:set package 'traffic_map' build argument 'cmake_force_configure' from command line to 'False'
[1.681s] Level 5:colcon.colcon_core.verb:set package 'traffic_map' build argument 'ament_cmake_args' from command line to 'None'
[1.681s] Level 5:colcon.colcon_core.verb:set package 'traffic_map' build argument 'catkin_cmake_args' from command line to 'None'
[1.681s] Level 5:colcon.colcon_core.verb:set package 'traffic_map' build argument 'catkin_skip_building_tests' from command line to 'False'
[1.682s] DEBUG:colcon.colcon_core.verb:Building package 'traffic_map' with the following arguments: {'ament_cmake_args': None, 'build_base': '/home/hassan/Desktop/traffic_map/build/traffic_map', 'catkin_cmake_args': None, 'catkin_skip_building_tests': False, 'cmake_args': None, 'cmake_clean_cache': False, 'cmake_clean_first': False, 'cmake_force_configure': False, 'cmake_target': None, 'cmake_target_skip_unavailable': False, 'install_base': '/home/hassan/Desktop/traffic_map/install/traffic_map', 'merge_install': False, 'path': '/home/hassan/Desktop/traffic_map', 'symlink_install': True, 'test_result_base': None}
[1.682s] INFO:colcon.colcon_core.executor:Executing jobs using 'parallel' executor
[1.687s] DEBUG:colcon.colcon_parallel_executor.executor.parallel:run_until_complete
[1.688s] INFO:colcon.colcon_ros.task.ament_cmake.build:Building ROS package in '/home/hassan/Desktop/traffic_map' with build type 'ament_cmake'
[1.689s] INFO:colcon.colcon_cmake.task.cmake.build:Building CMake package in '/home/hassan/Desktop/traffic_map'
[1.699s] INFO:colcon.colcon_core.plugin_system:Skipping extension 'colcon_core.shell.bat': Not used on non-Windows systems
[1.700s] INFO:colcon.colcon_core.shell:Skip shell extension 'powershell' for command environment: Not usable outside of PowerShell
[1.700s] DEBUG:colcon.colcon_core.shell:Skip shell extension 'dsv' for command environment
[1.744s] DEBUG:colcon.colcon_core.event_handler.log_command:Invoking command in '/home/hassan/Desktop/traffic_map/build/traffic_map': CMAKE_PREFIX_PATH=/opt/ros/humble /usr/bin/cmake --build /home/hassan/Desktop/traffic_map/build/traffic_map -- -j12 -l12
[2.138s] DEBUG:colcon.colcon_core.event_handler.log_command:Invoked command in '/home/hassan/Desktop/traffic_map/build/traffic_map' returned '0': CMAKE_PREFIX_PATH=/opt/ros/humble /usr/bin/cmake --build /home/hassan/Desktop/traffic_map/build/traffic_map -- -j12 -l12
[2.171s] DEBUG:colcon.colcon_core.event_handler.log_command:Invoking command in '/home/hassan/Desktop/traffic_map/build/traffic_map': CMAKE_PREFIX_PATH=/opt/ros/humble /usr/bin/cmake --install /home/hassan/Desktop/traffic_map/build/traffic_map
[2.247s] Level 1:colcon.colcon_core.environment:create_environment_scripts_only(traffic_map)
[2.250s] DEBUG:colcon.colcon_core.event_handler.log_command:Invoked command in '/home/hassan/Desktop/traffic_map/build/traffic_map' returned '0': CMAKE_PREFIX_PATH=/opt/ros/humble /usr/bin/cmake --install /home/hassan/Desktop/traffic_map/build/traffic_map
[2.260s] Level 1:colcon.colcon_core.environment:checking '/home/hassan/Desktop/traffic_map/install/traffic_map' for CMake module files
[2.262s] Level 1:colcon.colcon_core.environment:checking '/home/hassan/Desktop/traffic_map/install/traffic_map' for CMake config files
[2.263s] Level 1:colcon.colcon_core.shell:create_environment_hook('traffic_map', 'cmake_prefix_path')
[2.264s] INFO:colcon.colcon_core.shell:Creating environment hook '/home/hassan/Desktop/traffic_map/install/traffic_map/share/traffic_map/hook/cmake_prefix_path.ps1'
[2.267s] INFO:colcon.colcon_core.shell:Creating environment descriptor '/home/hassan/Desktop/traffic_map/install/traffic_map/share/traffic_map/hook/cmake_prefix_path.dsv'
[2.268s] INFO:colcon.colcon_core.shell:Creating environment hook '/home/hassan/Desktop/traffic_map/install/traffic_map/share/traffic_map/hook/cmake_prefix_path.sh'
[2.272s] Level 1:colcon.colcon_core.environment:checking '/home/hassan/Desktop/traffic_map/install/traffic_map/lib'
[2.273s] Level 1:colcon.colcon_core.environment:checking '/home/hassan/Desktop/traffic_map/install/traffic_map/bin'
[2.273s] Level 1:colcon.colcon_core.environment:checking '/home/hassan/Desktop/traffic_map/install/traffic_map/lib/pkgconfig/traffic_map.pc'
[2.274s] Level 1:colcon.colcon_core.environment:checking '/home/hassan/Desktop/traffic_map/install/traffic_map/lib/python3.10/site-packages'
[2.276s] Level 1:colcon.colcon_core.environment:checking '/home/hassan/Desktop/traffic_map/install/traffic_map/bin'
[2.278s] INFO:colcon.colcon_core.shell:Creating package script '/home/hassan/Desktop/traffic_map/install/traffic_map/share/traffic_map/package.ps1'
[2.283s] INFO:colcon.colcon_core.shell:Creating package descriptor '/home/hassan/Desktop/traffic_map/install/traffic_map/share/traffic_map/package.dsv'
[2.285s] INFO:colcon.colcon_core.shell:Creating package script '/home/hassan/Desktop/traffic_map/install/traffic_map/share/traffic_map/package.sh'
[2.289s] INFO:colcon.colcon_core.shell:Creating package script '/home/hassan/Desktop/traffic_map/install/traffic_map/share/traffic_map/package.bash'
[2.293s] INFO:colcon.colcon_core.shell:Creating package script '/home/hassan/Desktop/traffic_map/install/traffic_map/share/traffic_map/package.zsh'
[2.296s] Level 1:colcon.colcon_core.environment:create_file_with_runtime_dependencies(/home/hassan/Desktop/traffic_map/install/traffic_map/share/colcon-core/packages/traffic_map)
[2.299s] Level 1:colcon.colcon_core.environment:create_environment_scripts_only(traffic_map)
[2.300s] Level 1:colcon.colcon_core.environment:checking '/home/hassan/Desktop/traffic_map/install/traffic_map' for CMake module files
[2.303s] Level 1:colcon.colcon_core.environment:checking '/home/hassan/Desktop/traffic_map/install/traffic_map' for CMake config files
[2.305s] Level 1:colcon.colcon_core.shell:create_environment_hook('traffic_map', 'cmake_prefix_path')
[2.306s] INFO:colcon.colcon_core.shell:Creating environment hook '/home/hassan/Desktop/traffic_map/install/traffic_map/share/traffic_map/hook/cmake_prefix_path.ps1'
[2.309s] INFO:colcon.colcon_core.shell:Creating environment descriptor '/home/hassan/Desktop/traffic_map/install/traffic_map/share/traffic_map/hook/cmake_prefix_path.dsv'
[2.311s] INFO:colcon.colcon_core.shell:Creating environment hook '/home/hassan/Desktop/traffic_map/install/traffic_map/share/traffic_map/hook/cmake_prefix_path.sh'
[2.315s] Level 1:colcon.colcon_core.environment:checking '/home/hassan/Desktop/traffic_map/install/traffic_map/lib'
[2.315s] Level 1:colcon.colcon_core.environment:checking '/home/hassan/Desktop/traffic_map/install/traffic_map/bin'
[2.316s] Level 1:colcon.colcon_core.environment:checking '/home/hassan/Desktop/traffic_map/install/traffic_map/lib/pkgconfig/traffic_map.pc'
[2.318s] Level 1:colcon.colcon_core.environment:checking '/home/hassan/Desktop/traffic_map/install/traffic_map/lib/python3.10/site-packages'
[2.320s] Level 1:colcon.colcon_core.environment:checking '/home/hassan/Desktop/traffic_map/install/traffic_map/bin'
[2.322s] INFO:colcon.colcon_core.shell:Creating package script '/home/hassan/Desktop/traffic_map/install/traffic_map/share/traffic_map/package.ps1'
[2.326s] INFO:colcon.colcon_core.shell:Creating package descriptor '/home/hassan/Desktop/traffic_map/install/traffic_map/share/traffic_map/package.dsv'
[2.329s] INFO:colcon.colcon_core.shell:Creating package script '/home/hassan/Desktop/traffic_map/install/traffic_map/share/traffic_map/package.sh'
[2.331s] INFO:colcon.colcon_core.shell:Creating package script '/home/hassan/Desktop/traffic_map/install/traffic_map/share/traffic_map/package.bash'
[2.333s] INFO:colcon.colcon_core.shell:Creating package script '/home/hassan/Desktop/traffic_map/install/traffic_map/share/traffic_map/package.zsh'
[2.334s] Level 1:colcon.colcon_core.environment:create_file_with_runtime_dependencies(/home/hassan/Desktop/traffic_map/install/traffic_map/share/colcon-core/packages/traffic_map)
[2.335s] DEBUG:colcon.colcon_parallel_executor.executor.parallel:closing loop
[2.336s] DEBUG:colcon.colcon_parallel_executor.executor.parallel:loop closed
[2.337s] DEBUG:colcon.colcon_parallel_executor.executor.parallel:run_until_complete finished with '0'
[2.337s] DEBUG:colcon.colcon_core.event_reactor:joining thread
[2.358s] INFO:colcon.colcon_core.plugin_system:Skipping extension 'colcon_notification.desktop_notification.terminal_notifier': Not used on non-Darwin systems
[2.358s] INFO:colcon.colcon_core.plugin_system:Skipping extension 'colcon_notification.desktop_notification.win32': Not used on non-Windows systems
[2.358s] INFO:colcon.colcon_notification.desktop_notification:Sending desktop notification using 'notify2'
[2.402s] DEBUG:colcon.colcon_core.event_reactor:joined thread
[2.403s] INFO:colcon.colcon_core.shell:Creating prefix script '/home/hassan/Desktop/traffic_map/install/local_setup.ps1'
[2.407s] INFO:colcon.colcon_core.shell:Creating prefix util module '/home/hassan/Desktop/traffic_map/install/_local_setup_util_ps1.py'
[2.414s] INFO:colcon.colcon_core.shell:Creating prefix chain script '/home/hassan/Desktop/traffic_map/install/setup.ps1'
[2.419s] INFO:colcon.colcon_core.shell:Creating prefix script '/home/hassan/Desktop/traffic_map/install/local_setup.sh'
[2.422s] INFO:colcon.colcon_core.shell:Creating prefix util module '/home/hassan/Desktop/traffic_map/install/_local_setup_util_sh.py'
[2.424s] INFO:colcon.colcon_core.shell:Creating prefix chain script '/home/hassan/Desktop/traffic_map/install/setup.sh'
[2.428s] INFO:colcon.colcon_core.shell:Creating prefix script '/home/hassan/Desktop/traffic_map/install/local_setup.bash'
[2.430s] INFO:colcon.colcon_core.shell:Creating prefix chain script '/home/hassan/Desktop/traffic_map/install/setup.bash'
[2.433s] INFO:colcon.colcon_core.shell:Creating prefix script '/home/hassan/Desktop/traffic_map/install/local_setup.zsh'
[2.435s] INFO:colcon.colcon_core.shell:Creating prefix chain script '/home/hassan/Desktop/traffic_map/install/setup.zsh'
