-- Found ament_cmake: 1.3.14 (/opt/ros/humble/share/ament_cmake/cmake)
-- Override CMake install command with custom implementation using symlinks instead of copying resources
-- Found geometry_msgs: 4.9.2 (/opt/ros/humble/share/geometry_msgs/cmake)
-- Found rosidl_generator_c: 3.1.9 (/opt/ros/humble/share/rosidl_generator_c/cmake)
-- Found rosidl_adapter: 3.1.9 (/opt/ros/humble/share/rosidl_adapter/cmake)
-- Found rosidl_generator_cpp: 3.1.9 (/opt/ros/humble/share/rosidl_generator_cpp/cmake)
-- Using all available rosidl_typesupport_c: rosidl_typesupport_fastrtps_c;rosidl_typesupport_introspection_c
-- Using all available rosidl_typesupport_cpp: rosidl_typesupport_fastrtps_cpp;rosidl_typesupport_introspection_cpp
-- Found rclcpp: 16.0.19 (/opt/ros/humble/share/rclcpp/cmake)
-- Found rmw_implementation_cmake: 6.1.3 (/opt/ros/humble/share/rmw_implementation_cmake/cmake)
-- Found rmw_fastrtps_cpp: 6.2.10 (/opt/ros/humble/share/rmw_fastrtps_cpp/cmake)
-- Using RMW implementation 'rmw_fastrtps_cpp' as default
-- Found sensor_msgs: 4.9.2 (/opt/ros/humble/share/sensor_msgs/cmake)
-- Found tf2_ros: 0.25.22 (/opt/ros/humble/share/tf2_ros/cmake)
-- Found visualization_msgs: 4.9.2 (/opt/ros/humble/share/visualization_msgs/cmake)
-- Found DART: /usr/include (Required is at least version "6.6") found components: dart 
-- Found Protobuf: /usr/lib/x86_64-linux-gnu/libprotobuf.so (found version "3.12.4") 
-- Looking for ignition-math6 -- found version 6.16.0
-- Searching for dependencies of ignition-math6
-- Looking for OGRE...
-- Found Ogre Ghadamon (1.9.0)
-- Found OGRE: optimized;/usr/lib/x86_64-linux-gnu/libOgreMain.so;debug;/usr/lib/x86_64-linux-gnu/libOgreMain.so
-- Looking for OGRE_Paging...
-- Found OGRE_Paging: optimized;/usr/lib/x86_64-linux-gnu/libOgrePaging.so;debug;/usr/lib/x86_64-linux-gnu/libOgrePaging.so
-- Looking for OGRE_Terrain...
-- Found OGRE_Terrain: optimized;/usr/lib/x86_64-linux-gnu/libOgreTerrain.so;debug;/usr/lib/x86_64-linux-gnu/libOgreTerrain.so
-- Looking for OGRE_Property...
-- Found OGRE_Property: optimized;/usr/lib/x86_64-linux-gnu/libOgreProperty.so;debug;/usr/lib/x86_64-linux-gnu/libOgreProperty.so
-- Looking for OGRE_RTShaderSystem...
-- Found OGRE_RTShaderSystem: optimized;/usr/lib/x86_64-linux-gnu/libOgreRTShaderSystem.so;debug;/usr/lib/x86_64-linux-gnu/libOgreRTShaderSystem.so
-- Looking for OGRE_Volume...
-- Found OGRE_Volume: optimized;/usr/lib/x86_64-linux-gnu/libOgreVolume.so;debug;/usr/lib/x86_64-linux-gnu/libOgreVolume.so
-- Looking for OGRE_Overlay...
-- Found OGRE_Overlay: optimized;/usr/lib/x86_64-linux-gnu/libOgreOverlay.so;debug;/usr/lib/x86_64-linux-gnu/libOgreOverlay.so
-- Looking for ignition-math6 -- found version 6.16.0
-- Looking for ignition-transport8 -- found version 8.2.1
-- Searching for dependencies of ignition-transport8
-- Found Protobuf: /usr/lib/x86_64-linux-gnu/libprotobuf.so (found suitable version "3.12.4", minimum required is "3") 
-- Config-file not installed for ZeroMQ -- checking for pkg-config
-- Checking for module 'libzmq >= 4'
--   Found libzmq , version 4.3.4
-- Checking for module 'uuid'
--   Found uuid, version 2.37.2
-- Looking for ignition-msgs5 -- found version 5.8.1
-- Searching for dependencies of ignition-msgs5
-- Looking for ignition-math6 -- found version 6.16.0
-- Checking for module 'tinyxml2'
--   Found tinyxml2, version 9.0.0
-- Looking for ignition-msgs5 -- found version 5.8.1
-- Looking for ignition-common3 -- found version 3.14.0
-- Searching for dependencies of ignition-common3
-- Looking for dlfcn.h - found
-- Looking for libdl - found
-- Searching for <ignition-common3> component [graphics]
-- Looking for ignition-common3-graphics -- found version 3.14.0
-- Searching for dependencies of ignition-common3-graphics
-- Looking for ignition-math6 -- found version 6.16.0
-- Looking for ignition-fuel_tools4 -- found version 4.4.0
-- Searching for dependencies of ignition-fuel_tools4
-- Checking for module 'jsoncpp'
--   Found jsoncpp, version 1.9.5
-- Checking for module 'libzip'
--   Found libzip, version 1.7.3
-- Looking for ignition-common3 -- found version 3.14.0
-- Looking for ignition-math6 -- found version 6.16.0
-- Looking for ignition-msgs5 -- found version 5.8.1
-- Configuring done
-- Generating done
-- Build files have been written to: /home/hassan/Desktop/traffic_map/build/traffic_map
Consolidate compiler generated dependencies of target map_parser
[  8%] Building CXX object CMakeFiles/convert_glb_to_obj.dir/src/convert_glb_to_obj.cpp.o
[ 33%] Built target map_parser
Consolidate compiler generated dependencies of target traffic_world_plugin
Consolidate compiler generated dependencies of target generate_gazebo_assets
Consolidate compiler generated dependencies of target road_visualization
[ 50%] Built target generate_gazebo_assets
[ 66%] Built target traffic_world_plugin
[ 91%] Built target road_visualization
[100%] Linking CXX executable convert_glb_to_obj
[100%] Built target convert_glb_to_obj
-- Install configuration: ""
-- Execute custom install script
-- Up-to-date symlink: /home/hassan/Desktop/traffic_map/install/traffic_map/lib/traffic_map/road_visualization
-- Up-to-date symlink: /home/hassan/Desktop/traffic_map/install/traffic_map/lib/traffic_map/generate_gazebo_assets
-- Symlinking: /home/hassan/Desktop/traffic_map/install/traffic_map/lib/traffic_map/convert_glb_to_obj
-- Up-to-date symlink: /home/hassan/Desktop/traffic_map/install/traffic_map/lib/libtraffic_world_plugin.so
-- Up-to-date symlink: /home/hassan/Desktop/traffic_map/install/traffic_map/share/traffic_map/maps/bjb_sangjani_full.xodr
-- Up-to-date symlink: /home/hassan/Desktop/traffic_map/install/traffic_map/share/traffic_map/rviz/traffic_map.rviz
-- Up-to-date symlink: /home/hassan/Desktop/traffic_map/install/traffic_map/share/traffic_map/gazebo/traffic.world
-- Up-to-date symlink: /home/hassan/Desktop/traffic_map/install/traffic_map/share/ament_index/resource_index/package_run_dependencies/traffic_map
-- Up-to-date symlink: /home/hassan/Desktop/traffic_map/install/traffic_map/share/ament_index/resource_index/parent_prefix_path/traffic_map
-- Up-to-date symlink: /home/hassan/Desktop/traffic_map/install/traffic_map/share/traffic_map/environment/ament_prefix_path.sh
-- Up-to-date symlink: /home/hassan/Desktop/traffic_map/install/traffic_map/share/traffic_map/environment/ament_prefix_path.dsv
-- Up-to-date symlink: /home/hassan/Desktop/traffic_map/install/traffic_map/share/traffic_map/environment/path.sh
-- Up-to-date symlink: /home/hassan/Desktop/traffic_map/install/traffic_map/share/traffic_map/environment/path.dsv
-- Up-to-date symlink: /home/hassan/Desktop/traffic_map/install/traffic_map/share/traffic_map/local_setup.bash
-- Up-to-date symlink: /home/hassan/Desktop/traffic_map/install/traffic_map/share/traffic_map/local_setup.sh
-- Up-to-date symlink: /home/hassan/Desktop/traffic_map/install/traffic_map/share/traffic_map/local_setup.zsh
-- Up-to-date symlink: /home/hassan/Desktop/traffic_map/install/traffic_map/share/traffic_map/local_setup.dsv
-- Symlinking: /home/hassan/Desktop/traffic_map/install/traffic_map/share/traffic_map/package.dsv
-- Up-to-date symlink: /home/hassan/Desktop/traffic_map/install/traffic_map/share/ament_index/resource_index/packages/traffic_map
-- Up-to-date symlink: /home/hassan/Desktop/traffic_map/install/traffic_map/share/traffic_map/cmake/traffic_mapConfig.cmake
-- Up-to-date symlink: /home/hassan/Desktop/traffic_map/install/traffic_map/share/traffic_map/cmake/traffic_mapConfig-version.cmake
-- Up-to-date symlink: /home/hassan/Desktop/traffic_map/install/traffic_map/share/traffic_map/package.xml
