[0.010s] Invoking command in '/home/hassan/Desktop/traffic_map/build/traffic_map': CMAKE_PREFIX_PATH=/opt/ros/humble /usr/bin/cmake --build /home/hassan/Desktop/traffic_map/build/traffic_map -- -j12 -l12
[0.038s] -- Found ament_cmake: 1.3.14 (/opt/ros/humble/share/ament_cmake/cmake)
[0.148s] -- Override CMake install command with custom implementation using symlinks instead of copying resources
[0.158s] -- Found geometry_msgs: 4.9.2 (/opt/ros/humble/share/geometry_msgs/cmake)
[0.183s] -- Found rosidl_generator_c: 3.1.9 (/opt/ros/humble/share/rosidl_generator_c/cmake)
[0.186s] -- Found rosidl_adapter: 3.1.9 (/opt/ros/humble/share/rosidl_adapter/cmake)
[0.192s] -- Found rosidl_generator_cpp: 3.1.9 (/opt/ros/humble/share/rosidl_generator_cpp/cmake)
[0.201s] -- Using all available rosidl_typesupport_c: rosidl_typesupport_fastrtps_c;rosidl_typesupport_introspection_c
[0.212s] -- Using all available rosidl_typesupport_cpp: rosidl_typesupport_fastrtps_cpp;rosidl_typesupport_introspection_cpp
[0.248s] -- Found rclcpp: 16.0.19 (/opt/ros/humble/share/rclcpp/cmake)
[0.272s] -- Found rmw_implementation_cmake: 6.1.3 (/opt/ros/humble/share/rmw_implementation_cmake/cmake)
[0.273s] -- Found rmw_fastrtps_cpp: 6.2.10 (/opt/ros/humble/share/rmw_fastrtps_cpp/cmake)
[0.359s] -- Using RMW implementation 'rmw_fastrtps_cpp' as default
[0.399s] -- Found sensor_msgs: 4.9.2 (/opt/ros/humble/share/sensor_msgs/cmake)
[0.416s] -- Found tf2_ros: 0.25.22 (/opt/ros/humble/share/tf2_ros/cmake)
[0.497s] -- Found visualization_msgs: 4.9.2 (/opt/ros/humble/share/visualization_msgs/cmake)
[0.528s] CMake Warning (dev) at /usr/share/cmake-3.22/Modules/FindPackageHandleStandardArgs.cmake:438 (message):
[0.528s]   The package name passed to `find_package_handle_standard_args` (PkgConfig)
[0.528s]   does not match the name of the calling package (gazebo).  This can lead to
[0.528s]   problems in calling code that expects `find_package` result variables
[0.528s]   (e.g., `_FOUND`) to follow a certain pattern.
[0.528s] Call Stack (most recent call first):
[0.528s]   /usr/share/cmake-3.22/Modules/FindPkgConfig.cmake:99 (find_package_handle_standard_args)
[0.528s]   /usr/lib/x86_64-linux-gnu/cmake/gazebo/gazebo-config.cmake:72 (include)
[0.528s]   CMakeLists.txt:13 (find_package)
[0.529s] This warning is for project developers.  Use -Wno-dev to suppress it.
[0.529s] 
[0.529s] -- Found PkgConfig: /usr/bin/pkg-config (found version "0.29.2") 
[0.529s] -- Checking for module 'bullet>=2.82'
[0.545s] --   Found bullet, version 3.05
[0.630s] -- Found fcl: /usr/include (found suitable version "0.7.0", minimum required is "0.5.0") 
[0.669s] -- Found assimp: /usr/include (found version "5.2.0") 
[0.688s] -- Found DART: /usr/include (Required is at least version "6.6") found components: dart 
[0.715s] -- Found Boost: /usr/lib/x86_64-linux-gnu/cmake/Boost-1.74.0/BoostConfig.cmake (found suitable version "1.74.0", minimum required is "1.40.0") found components: thread system filesystem program_options regex iostreams date_time 
[0.729s] -- Found Protobuf: /usr/lib/x86_64-linux-gnu/libprotobuf.so (found version "3.12.4") 
[0.733s] -- Looking for ignition-math6 -- found version 6.16.0
[0.742s] -- Searching for dependencies of ignition-math6
[0.743s] -- Looking for OGRE...
[0.743s] -- OGRE_PREFIX_WATCH changed.
[0.748s] -- Checking for module 'OGRE'
[0.757s] --   Found OGRE, version 1.9.0
[0.781s] -- Found Ogre Ghadamon (1.9.0)
[0.786s] -- Found OGRE: optimized;/usr/lib/x86_64-linux-gnu/libOgreMain.so;debug;/usr/lib/x86_64-linux-gnu/libOgreMain.so
[0.796s] -- Looking for OGRE_Paging...
[0.800s] -- Found OGRE_Paging: optimized;/usr/lib/x86_64-linux-gnu/libOgrePaging.so;debug;/usr/lib/x86_64-linux-gnu/libOgrePaging.so
[0.800s] -- Looking for OGRE_Terrain...
[0.804s] -- Found OGRE_Terrain: optimized;/usr/lib/x86_64-linux-gnu/libOgreTerrain.so;debug;/usr/lib/x86_64-linux-gnu/libOgreTerrain.so
[0.804s] -- Looking for OGRE_Property...
[0.809s] -- Found OGRE_Property: optimized;/usr/lib/x86_64-linux-gnu/libOgreProperty.so;debug;/usr/lib/x86_64-linux-gnu/libOgreProperty.so
[0.809s] -- Looking for OGRE_RTShaderSystem...
[0.813s] -- Found OGRE_RTShaderSystem: optimized;/usr/lib/x86_64-linux-gnu/libOgreRTShaderSystem.so;debug;/usr/lib/x86_64-linux-gnu/libOgreRTShaderSystem.so
[0.813s] -- Looking for OGRE_Volume...
[0.817s] -- Found OGRE_Volume: optimized;/usr/lib/x86_64-linux-gnu/libOgreVolume.so;debug;/usr/lib/x86_64-linux-gnu/libOgreVolume.so
[0.817s] -- Looking for OGRE_Overlay...
[0.821s] -- Found OGRE_Overlay: optimized;/usr/lib/x86_64-linux-gnu/libOgreOverlay.so;debug;/usr/lib/x86_64-linux-gnu/libOgreOverlay.so
[0.910s] -- Looking for ignition-math6 -- found version 6.16.0
[0.912s] -- Looking for ignition-transport8 -- found version 8.2.1
[0.912s] -- Searching for dependencies of ignition-transport8
[0.932s] -- Found Protobuf: /usr/lib/x86_64-linux-gnu/libprotobuf.so (found suitable version "3.12.4", minimum required is "3") 
[0.942s] -- Config-file not installed for ZeroMQ -- checking for pkg-config
[0.946s] -- Checking for module 'libzmq >= 4'
[0.956s] --   Found libzmq , version 4.3.4
[0.983s] -- Found ZeroMQ: TRUE (Required is at least version "4") 
[0.989s] -- Checking for module 'uuid'
[0.999s] --   Found uuid, version 2.37.2
[1.023s] -- Found UUID: TRUE  
[1.025s] -- Looking for ignition-msgs5 -- found version 5.8.1
[1.026s] -- Searching for dependencies of ignition-msgs5
[1.048s] -- Looking for ignition-math6 -- found version 6.16.0
[1.055s] -- Checking for module 'tinyxml2'
[1.069s] --   Found tinyxml2, version 9.0.0
[1.100s] -- Looking for ignition-msgs5 -- found version 5.8.1
[1.101s] -- Looking for ignition-common3 -- found version 3.14.0
[1.102s] -- Searching for dependencies of ignition-common3
[1.102s] -- Looking for dlfcn.h - found
[1.103s] -- Looking for libdl - found
[1.104s] -- Found DL: TRUE  
[1.113s] -- Found tinyobjloader: /usr/lib/x86_64-linux-gnu/cmake/tinyobjloader/tinyobjloader-config.cmake (found version "2.0.0") 
[1.114s] -- Searching for <ignition-common3> component [graphics]
[1.115s] -- Looking for ignition-common3-graphics -- found version 3.14.0
[1.116s] -- Searching for dependencies of ignition-common3-graphics
[1.116s] -- Looking for ignition-math6 -- found version 6.16.0
[1.118s] -- Looking for ignition-fuel_tools4 -- found version 4.4.0
[1.119s] -- Searching for dependencies of ignition-fuel_tools4
[1.178s] -- Found CURL: /usr/lib/x86_64-linux-gnu/libcurl.so (found version "7.81.0")  
[1.186s] -- Checking for module 'jsoncpp'
[1.197s] --   Found jsoncpp, version 1.9.5
[1.221s] -- Found JSONCPP: TRUE  
[1.227s] -- Checking for module 'libzip'
[1.236s] --   Found libzip, version 1.7.3
[1.261s] -- Found ZIP: TRUE  
[1.261s] -- Looking for ignition-common3 -- found version 3.14.0
[1.261s] -- Looking for ignition-math6 -- found version 6.16.0
[1.262s] -- Looking for ignition-msgs5 -- found version 5.8.1
[1.327s] -- Configuring done
[1.349s] -- Generating done
[1.356s] -- Build files have been written to: /home/hassan/Desktop/traffic_map/build/traffic_map
[1.382s] Consolidate compiler generated dependencies of target map_parser
[1.389s] [ 10%] Building CXX object CMakeFiles/traffic_world_plugin.dir/src/traffic_world_plugin.cpp.o
[1.392s] [ 30%] Building CXX object CMakeFiles/map_parser.dir/src/map_processor.cpp.o
[1.392s] [ 30%] Building CXX object CMakeFiles/map_parser.dir/src/parser.cpp.o
[2.315s] [ 40%] Linking CXX static library libmap_parser.a
[2.350s] [ 40%] Built target map_parser
[2.363s] Consolidate compiler generated dependencies of target road_visualization
[2.368s] [ 50%] Building CXX object CMakeFiles/generate_gazebo_assets.dir/src/generate_gazebo_assets.cpp.o
[2.376s] [ 70%] Building CXX object CMakeFiles/road_visualization.dir/src/lane.cpp.o
[2.377s] [ 70%] Building CXX object CMakeFiles/road_visualization.dir/src/road_visualization.cpp.o
[3.130s] [ 80%] Linking CXX executable generate_gazebo_assets
[3.232s] [ 80%] Built target generate_gazebo_assets
[7.956s] [ 90%] Linking CXX executable road_visualization
[8.237s] [ 90%] Built target road_visualization
[12.688s] [100%] Linking CXX shared library libtraffic_world_plugin.so
[12.906s] [100%] Built target traffic_world_plugin
[12.915s] Invoked command in '/home/hassan/Desktop/traffic_map/build/traffic_map' returned '0': CMAKE_PREFIX_PATH=/opt/ros/humble /usr/bin/cmake --build /home/hassan/Desktop/traffic_map/build/traffic_map -- -j12 -l12
[12.924s] Invoking command in '/home/hassan/Desktop/traffic_map/build/traffic_map': CMAKE_PREFIX_PATH=/opt/ros/humble /usr/bin/cmake --install /home/hassan/Desktop/traffic_map/build/traffic_map
[12.930s] -- Install configuration: ""
[12.930s] -- Execute custom install script
[12.930s] -- Up-to-date symlink: /home/hassan/Desktop/traffic_map/install/traffic_map/lib/traffic_map/road_visualization
[12.931s] -- Symlinking: /home/hassan/Desktop/traffic_map/install/traffic_map/lib/traffic_map/generate_gazebo_assets
[12.938s] -- Symlinking: /home/hassan/Desktop/traffic_map/install/traffic_map/lib/libtraffic_world_plugin.so
[12.946s] -- Up-to-date symlink: /home/hassan/Desktop/traffic_map/install/traffic_map/share/traffic_map/maps/bjb_sangjani_full.xodr
[12.946s] -- Up-to-date symlink: /home/hassan/Desktop/traffic_map/install/traffic_map/share/traffic_map/rviz/traffic_map.rviz
[12.946s] -- Symlinking: /home/hassan/Desktop/traffic_map/install/traffic_map/share/traffic_map/gazebo/traffic.world
[12.953s] -- Up-to-date symlink: /home/hassan/Desktop/traffic_map/install/traffic_map/share/ament_index/resource_index/package_run_dependencies/traffic_map
[12.954s] -- Up-to-date symlink: /home/hassan/Desktop/traffic_map/install/traffic_map/share/ament_index/resource_index/parent_prefix_path/traffic_map
[12.954s] -- Up-to-date symlink: /home/hassan/Desktop/traffic_map/install/traffic_map/share/traffic_map/environment/ament_prefix_path.sh
[12.954s] -- Up-to-date symlink: /home/hassan/Desktop/traffic_map/install/traffic_map/share/traffic_map/environment/ament_prefix_path.dsv
[12.954s] -- Up-to-date symlink: /home/hassan/Desktop/traffic_map/install/traffic_map/share/traffic_map/environment/path.sh
[12.954s] -- Up-to-date symlink: /home/hassan/Desktop/traffic_map/install/traffic_map/share/traffic_map/environment/path.dsv
[12.954s] -- Up-to-date symlink: /home/hassan/Desktop/traffic_map/install/traffic_map/share/traffic_map/local_setup.bash
[12.955s] -- Up-to-date symlink: /home/hassan/Desktop/traffic_map/install/traffic_map/share/traffic_map/local_setup.sh
[12.955s] -- Up-to-date symlink: /home/hassan/Desktop/traffic_map/install/traffic_map/share/traffic_map/local_setup.zsh
[12.955s] -- Up-to-date symlink: /home/hassan/Desktop/traffic_map/install/traffic_map/share/traffic_map/local_setup.dsv
[12.955s] -- Symlinking: /home/hassan/Desktop/traffic_map/install/traffic_map/share/traffic_map/package.dsv
[12.963s] -- Up-to-date symlink: /home/hassan/Desktop/traffic_map/install/traffic_map/share/ament_index/resource_index/packages/traffic_map
[12.963s] -- Up-to-date symlink: /home/hassan/Desktop/traffic_map/install/traffic_map/share/traffic_map/cmake/traffic_mapConfig.cmake
[12.963s] -- Up-to-date symlink: /home/hassan/Desktop/traffic_map/install/traffic_map/share/traffic_map/cmake/traffic_mapConfig-version.cmake
[12.963s] -- Up-to-date symlink: /home/hassan/Desktop/traffic_map/install/traffic_map/share/traffic_map/package.xml
[12.965s] Invoked command in '/home/hassan/Desktop/traffic_map/build/traffic_map' returned '0': CMAKE_PREFIX_PATH=/opt/ros/humble /usr/bin/cmake --install /home/hassan/Desktop/traffic_map/build/traffic_map
