[0.009s] Invoking command in '/home/hassan/Desktop/traffic_map/build/traffic_map': CMAKE_PREFIX_PATH=/opt/ros/humble /usr/bin/cmake --build /home/hassan/Desktop/traffic_map/build/traffic_map -- -j12 -l12
[0.056s] [ 33%] Built target convert_glb_to_obj
[0.056s] [ 41%] Built target map_parser
[0.074s] [ 58%] Built target traffic_world_plugin
[0.075s] [ 66%] Building CXX object CMakeFiles/generate_gazebo_assets.dir/src/generate_gazebo_assets.cpp.o
[0.081s] [ 91%] Built target road_visualization
[0.708s] /home/hassan/Desktop/traffic_map/src/generate_gazebo_assets.cpp: In function ‘int main(int, char**)’:
[0.708s] /home/hassan/Desktop/traffic_map/src/generate_gazebo_assets.cpp:67:5: warning: this ‘if’ clause does not guard... [-Wmisleading-indentation]
[0.708s]    67 |     if(len<1e-6)continue;const double nx=-ty/len,ny=tx/len;
[0.708s]       |     ^~
[0.708s] /home/hassan/Desktop/traffic_map/src/generate_gazebo_assets.cpp:67:26: note: ...this statement, but the latter is misleadingly indented as if it were guarded by the ‘if’
[0.708s]    67 |     if(len<1e-6)continue;const double nx=-ty/len,ny=tx/len;
[0.709s]       |                          ^~~~~
[0.709s] /home/hassan/Desktop/traffic_map/src/generate_gazebo_assets.cpp:75:5: warning: this ‘if’ clause does not guard... [-Wmisleading-indentation]
[0.709s]    75 |     if(len<1e-6)continue;const double nx=-ty/len,ny=tx/len;
[0.709s]       |     ^~
[0.709s] /home/hassan/Desktop/traffic_map/src/generate_gazebo_assets.cpp:75:26: note: ...this statement, but the latter is misleadingly indented as if it were guarded by the ‘if’
[0.709s]    75 |     if(len<1e-6)continue;const double nx=-ty/len,ny=tx/len;
[0.709s]       |                          ^~~~~
[0.921s] [100%] Linking CXX executable generate_gazebo_assets
[1.020s] [100%] Built target generate_gazebo_assets
[1.029s] Invoked command in '/home/hassan/Desktop/traffic_map/build/traffic_map' returned '0': CMAKE_PREFIX_PATH=/opt/ros/humble /usr/bin/cmake --build /home/hassan/Desktop/traffic_map/build/traffic_map -- -j12 -l12
[1.037s] Invoking command in '/home/hassan/Desktop/traffic_map/build/traffic_map': CMAKE_PREFIX_PATH=/opt/ros/humble /usr/bin/cmake --install /home/hassan/Desktop/traffic_map/build/traffic_map
[1.043s] -- Install configuration: ""
[1.043s] -- Execute custom install script
[1.044s] -- Up-to-date symlink: /home/hassan/Desktop/traffic_map/install/traffic_map/lib/traffic_map/road_visualization
[1.044s] -- Up-to-date symlink: /home/hassan/Desktop/traffic_map/install/traffic_map/lib/traffic_map/generate_gazebo_assets
[1.044s] -- Up-to-date symlink: /home/hassan/Desktop/traffic_map/install/traffic_map/lib/traffic_map/convert_glb_to_obj
[1.044s] -- Up-to-date symlink: /home/hassan/Desktop/traffic_map/install/traffic_map/lib/libtraffic_world_plugin.so
[1.044s] -- Up-to-date symlink: /home/hassan/Desktop/traffic_map/install/traffic_map/share/traffic_map/maps/bjb_sangjani_full.xodr
[1.045s] -- Up-to-date symlink: /home/hassan/Desktop/traffic_map/install/traffic_map/share/traffic_map/rviz/traffic_map.rviz
[1.045s] -- Up-to-date symlink: /home/hassan/Desktop/traffic_map/install/traffic_map/share/traffic_map/gazebo/model_database/database.config
[1.045s] -- Up-to-date symlink: /home/hassan/Desktop/traffic_map/install/traffic_map/share/traffic_map/gazebo/traffic.world
[1.046s] -- Up-to-date symlink: /home/hassan/Desktop/traffic_map/install/traffic_map/share/ament_index/resource_index/package_run_dependencies/traffic_map
[1.046s] -- Up-to-date symlink: /home/hassan/Desktop/traffic_map/install/traffic_map/share/ament_index/resource_index/parent_prefix_path/traffic_map
[1.046s] -- Up-to-date symlink: /home/hassan/Desktop/traffic_map/install/traffic_map/share/traffic_map/environment/ament_prefix_path.sh
[1.046s] -- Up-to-date symlink: /home/hassan/Desktop/traffic_map/install/traffic_map/share/traffic_map/environment/ament_prefix_path.dsv
[1.046s] -- Up-to-date symlink: /home/hassan/Desktop/traffic_map/install/traffic_map/share/traffic_map/environment/path.sh
[1.046s] -- Up-to-date symlink: /home/hassan/Desktop/traffic_map/install/traffic_map/share/traffic_map/environment/path.dsv
[1.047s] -- Up-to-date symlink: /home/hassan/Desktop/traffic_map/install/traffic_map/share/traffic_map/local_setup.bash
[1.047s] -- Up-to-date symlink: /home/hassan/Desktop/traffic_map/install/traffic_map/share/traffic_map/local_setup.sh
[1.047s] -- Up-to-date symlink: /home/hassan/Desktop/traffic_map/install/traffic_map/share/traffic_map/local_setup.zsh
[1.048s] -- Up-to-date symlink: /home/hassan/Desktop/traffic_map/install/traffic_map/share/traffic_map/local_setup.dsv
[1.048s] -- Symlinking: /home/hassan/Desktop/traffic_map/install/traffic_map/share/traffic_map/package.dsv
[1.056s] -- Up-to-date symlink: /home/hassan/Desktop/traffic_map/install/traffic_map/share/ament_index/resource_index/packages/traffic_map
[1.056s] -- Up-to-date symlink: /home/hassan/Desktop/traffic_map/install/traffic_map/share/traffic_map/cmake/traffic_mapConfig.cmake
[1.056s] -- Up-to-date symlink: /home/hassan/Desktop/traffic_map/install/traffic_map/share/traffic_map/cmake/traffic_mapConfig-version.cmake
[1.056s] -- Up-to-date symlink: /home/hassan/Desktop/traffic_map/install/traffic_map/share/traffic_map/package.xml
[1.057s] Invoked command in '/home/hassan/Desktop/traffic_map/build/traffic_map' returned '0': CMAKE_PREFIX_PATH=/opt/ros/humble /usr/bin/cmake --install /home/hassan/Desktop/traffic_map/build/traffic_map
