-- The C compiler identification is GNU 11.4.0
-- The CXX compiler identification is GNU 11.4.0
-- Detecting C compiler ABI info
-- Detecting C compiler ABI info - done
-- Check for working C compiler: /usr/bin/cc - skipped
-- Detecting C compile features
-- Detecting C compile features - done
-- Detecting CXX compiler ABI info
-- Detecting CXX compiler ABI info - done
-- Check for working CXX compiler: /usr/bin/c++ - skipped
-- Detecting CXX compile features
-- Detecting CXX compile features - done
-- Found ament_cmake: 1.3.14 (/opt/ros/humble/share/ament_cmake/cmake)
-- Found Python3: /usr/bin/python3 (found version "3.10.12") found components: Interpreter 
-- Override CMake install command with custom implementation using symlinks instead of copying resources
-- Found geometry_msgs: 4.9.2 (/opt/ros/humble/share/geometry_msgs/cmake)
-- Found rosidl_generator_c: 3.1.9 (/opt/ros/humble/share/rosidl_generator_c/cmake)
-- Found rosidl_adapter: 3.1.9 (/opt/ros/humble/share/rosidl_adapter/cmake)
-- Found rosidl_generator_cpp: 3.1.9 (/opt/ros/humble/share/rosidl_generator_cpp/cmake)
-- Using all available rosidl_typesupport_c: rosidl_typesupport_fastrtps_c;rosidl_typesupport_introspection_c
-- Using all available rosidl_typesupport_cpp: rosidl_typesupport_fastrtps_cpp;rosidl_typesupport_introspection_cpp
-- Found rclcpp: 16.0.19 (/opt/ros/humble/share/rclcpp/cmake)
-- Found rmw_implementation_cmake: 6.1.3 (/opt/ros/humble/share/rmw_implementation_cmake/cmake)
-- Found rmw_fastrtps_cpp: 6.2.10 (/opt/ros/humble/share/rmw_fastrtps_cpp/cmake)
-- Found OpenSSL: /usr/lib/x86_64-linux-gnu/libcrypto.so (found version "3.0.2")  
-- Found FastRTPS: /opt/ros/humble/include  
-- Using RMW implementation 'rmw_fastrtps_cpp' as default
-- Looking for pthread.h
-- Looking for pthread.h - found
-- Performing Test CMAKE_HAVE_LIBC_PTHREAD
-- Performing Test CMAKE_HAVE_LIBC_PTHREAD - Success
-- Found Threads: TRUE  
-- Found sensor_msgs: 4.9.2 (/opt/ros/humble/share/sensor_msgs/cmake)
-- Found tf2_ros: 0.25.22 (/opt/ros/humble/share/tf2_ros/cmake)
-- Found visualization_msgs: 4.9.2 (/opt/ros/humble/share/visualization_msgs/cmake)
-- Found OpenMP_C: -fopenmp (found version "4.5") 
-- Found OpenMP_CXX: -fopenmp (found version "4.5") 
-- Found OpenMP: TRUE (found version "4.5")  
-- Configuring done
-- Generating done
-- Build files have been written to: /home/hassan/Desktop/traffic_map/build/traffic_map
[ 33%] [32mBuilding CXX object CMakeFiles/map_parser.dir/src/map_processor.cpp.o[0m
[ 33%] [32mBuilding CXX object CMakeFiles/map_parser.dir/src/parser.cpp.o[0m
[ 50%] [32m[1mLinking CXX static library libmap_parser.a[0m
[ 50%] Built target map_parser
[ 83%] [32mBuilding CXX object CMakeFiles/road_visualization.dir/src/lane.cpp.o[0m
[ 83%] [32mBuilding CXX object CMakeFiles/road_visualization.dir/src/road_visualization.cpp.o[0m
[100%] [32m[1mLinking CXX executable road_visualization[0m
[100%] Built target road_visualization
-- Install configuration: ""
-- Execute custom install script
-- Symlinking: /home/hassan/Desktop/traffic_map/install/traffic_map/lib/traffic_map/road_visualization
-- Symlinking: /home/hassan/Desktop/traffic_map/install/traffic_map/share/traffic_map/maps/bjb_sangjani_full.xodr
-- Symlinking: /home/hassan/Desktop/traffic_map/install/traffic_map/share/traffic_map/rviz/traffic_map.rviz
-- Symlinking: /home/hassan/Desktop/traffic_map/install/traffic_map/share/ament_index/resource_index/package_run_dependencies/traffic_map
-- Symlinking: /home/hassan/Desktop/traffic_map/install/traffic_map/share/ament_index/resource_index/parent_prefix_path/traffic_map
-- Symlinking: /home/hassan/Desktop/traffic_map/install/traffic_map/share/traffic_map/environment/ament_prefix_path.sh
-- Symlinking: /home/hassan/Desktop/traffic_map/install/traffic_map/share/traffic_map/environment/ament_prefix_path.dsv
-- Symlinking: /home/hassan/Desktop/traffic_map/install/traffic_map/share/traffic_map/environment/path.sh
-- Symlinking: /home/hassan/Desktop/traffic_map/install/traffic_map/share/traffic_map/environment/path.dsv
-- Symlinking: /home/hassan/Desktop/traffic_map/install/traffic_map/share/traffic_map/local_setup.bash
-- Symlinking: /home/hassan/Desktop/traffic_map/install/traffic_map/share/traffic_map/local_setup.sh
-- Symlinking: /home/hassan/Desktop/traffic_map/install/traffic_map/share/traffic_map/local_setup.zsh
-- Symlinking: /home/hassan/Desktop/traffic_map/install/traffic_map/share/traffic_map/local_setup.dsv
-- Symlinking: /home/hassan/Desktop/traffic_map/install/traffic_map/share/traffic_map/package.dsv
-- Symlinking: /home/hassan/Desktop/traffic_map/install/traffic_map/share/ament_index/resource_index/packages/traffic_map
-- Symlinking: /home/hassan/Desktop/traffic_map/install/traffic_map/share/traffic_map/cmake/traffic_mapConfig.cmake
-- Symlinking: /home/hassan/Desktop/traffic_map/install/traffic_map/share/traffic_map/cmake/traffic_mapConfig-version.cmake
-- Symlinking: /home/hassan/Desktop/traffic_map/install/traffic_map/share/traffic_map/package.xml
