[0.009s] Invoking command in '/home/hassan/Desktop/traffic_map/build/traffic_map': CMAKE_PREFIX_PATH=/opt/ros/humble /usr/bin/cmake --build /home/hassan/Desktop/traffic_map/build/traffic_map -- -j12 -l12
[0.036s] -- Found ament_cmake: 1.3.14 (/opt/ros/humble/share/ament_cmake/cmake)
[0.154s] -- Override CMake install command with custom implementation using symlinks instead of copying resources
[0.169s] -- Found geometry_msgs: 4.9.2 (/opt/ros/humble/share/geometry_msgs/cmake)
[0.199s] -- Found rosidl_generator_c: 3.1.9 (/opt/ros/humble/share/rosidl_generator_c/cmake)
[0.202s] -- Found rosidl_adapter: 3.1.9 (/opt/ros/humble/share/rosidl_adapter/cmake)
[0.211s] -- Found rosidl_generator_cpp: 3.1.9 (/opt/ros/humble/share/rosidl_generator_cpp/cmake)
[0.223s] -- Using all available rosidl_typesupport_c: rosidl_typesupport_fastrtps_c;rosidl_typesupport_introspection_c
[0.238s] -- Using all available rosidl_typesupport_cpp: rosidl_typesupport_fastrtps_cpp;rosidl_typesupport_introspection_cpp
[0.284s] -- Found rclcpp: 16.0.19 (/opt/ros/humble/share/rclcpp/cmake)
[0.321s] -- Found rmw_implementation_cmake: 6.1.3 (/opt/ros/humble/share/rmw_implementation_cmake/cmake)
[0.323s] -- Found rmw_fastrtps_cpp: 6.2.10 (/opt/ros/humble/share/rmw_fastrtps_cpp/cmake)
[0.424s] -- Using RMW implementation 'rmw_fastrtps_cpp' as default
[0.477s] -- Found sensor_msgs: 4.9.2 (/opt/ros/humble/share/sensor_msgs/cmake)
[0.497s] -- Found tf2_ros: 0.25.22 (/opt/ros/humble/share/tf2_ros/cmake)
[0.594s] -- Found visualization_msgs: 4.9.2 (/opt/ros/humble/share/visualization_msgs/cmake)
[0.623s] CMake Warning (dev) at /usr/share/cmake-3.22/Modules/FindPackageHandleStandardArgs.cmake:438 (message):
[0.623s]   The package name passed to `find_package_handle_standard_args` (PkgConfig)
[0.623s]   does not match the name of the calling package (gazebo).  This can lead to
[0.623s]   problems in calling code that expects `find_package` result variables
[0.623s]   (e.g., `_FOUND`) to follow a certain pattern.
[0.623s] Call Stack (most recent call first):
[0.623s]   /usr/share/cmake-3.22/Modules/FindPkgConfig.cmake:99 (find_package_handle_standard_args)
[0.623s]   /usr/lib/x86_64-linux-gnu/cmake/gazebo/gazebo-config.cmake:72 (include)
[0.623s]   CMakeLists.txt:13 (find_package)
[0.623s] This warning is for project developers.  Use -Wno-dev to suppress it.
[0.623s] 
[0.650s] -- Found DART: /usr/include (Required is at least version "6.6") found components: dart 
[0.684s] -- Found Protobuf: /usr/lib/x86_64-linux-gnu/libprotobuf.so (found version "3.12.4") 
[0.686s] -- Looking for ignition-math6 -- found version 6.16.0
[0.692s] -- Searching for dependencies of ignition-math6
[0.694s] -- Looking for OGRE...
[0.700s] -- Found Ogre Ghadamon (1.9.0)
[0.700s] -- Found OGRE: optimized;/usr/lib/x86_64-linux-gnu/libOgreMain.so;debug;/usr/lib/x86_64-linux-gnu/libOgreMain.so
[0.710s] -- Looking for OGRE_Paging...
[0.710s] -- Found OGRE_Paging: optimized;/usr/lib/x86_64-linux-gnu/libOgrePaging.so;debug;/usr/lib/x86_64-linux-gnu/libOgrePaging.so
[0.710s] -- Looking for OGRE_Terrain...
[0.710s] -- Found OGRE_Terrain: optimized;/usr/lib/x86_64-linux-gnu/libOgreTerrain.so;debug;/usr/lib/x86_64-linux-gnu/libOgreTerrain.so
[0.710s] -- Looking for OGRE_Property...
[0.710s] -- Found OGRE_Property: optimized;/usr/lib/x86_64-linux-gnu/libOgreProperty.so;debug;/usr/lib/x86_64-linux-gnu/libOgreProperty.so
[0.710s] -- Looking for OGRE_RTShaderSystem...
[0.710s] -- Found OGRE_RTShaderSystem: optimized;/usr/lib/x86_64-linux-gnu/libOgreRTShaderSystem.so;debug;/usr/lib/x86_64-linux-gnu/libOgreRTShaderSystem.so
[0.711s] -- Looking for OGRE_Volume...
[0.711s] -- Found OGRE_Volume: optimized;/usr/lib/x86_64-linux-gnu/libOgreVolume.so;debug;/usr/lib/x86_64-linux-gnu/libOgreVolume.so
[0.711s] -- Looking for OGRE_Overlay...
[0.711s] -- Found OGRE_Overlay: optimized;/usr/lib/x86_64-linux-gnu/libOgreOverlay.so;debug;/usr/lib/x86_64-linux-gnu/libOgreOverlay.so
[0.797s] -- Looking for ignition-math6 -- found version 6.16.0
[0.798s] -- Looking for ignition-transport8 -- found version 8.2.1
[0.799s] -- Searching for dependencies of ignition-transport8
[0.813s] -- Found Protobuf: /usr/lib/x86_64-linux-gnu/libprotobuf.so (found suitable version "3.12.4", minimum required is "3") 
[0.822s] -- Config-file not installed for ZeroMQ -- checking for pkg-config
[0.827s] -- Checking for module 'libzmq >= 4'
[0.838s] --   Found libzmq , version 4.3.4
[0.871s] -- Checking for module 'uuid'
[0.881s] --   Found uuid, version 2.37.2
[0.905s] -- Looking for ignition-msgs5 -- found version 5.8.1
[0.906s] -- Searching for dependencies of ignition-msgs5
[0.922s] -- Looking for ignition-math6 -- found version 6.16.0
[0.927s] -- Checking for module 'tinyxml2'
[0.936s] --   Found tinyxml2, version 9.0.0
[0.961s] -- Looking for ignition-msgs5 -- found version 5.8.1
[0.962s] -- Looking for ignition-common3 -- found version 3.14.0
[0.962s] -- Searching for dependencies of ignition-common3
[0.962s] -- Looking for dlfcn.h - found
[0.962s] -- Looking for libdl - found
[0.973s] -- Searching for <ignition-common3> component [graphics]
[0.974s] -- Looking for ignition-common3-graphics -- found version 3.14.0
[0.974s] -- Searching for dependencies of ignition-common3-graphics
[0.975s] -- Looking for ignition-math6 -- found version 6.16.0
[0.976s] -- Looking for ignition-fuel_tools4 -- found version 4.4.0
[0.976s] -- Searching for dependencies of ignition-fuel_tools4
[1.009s] -- Checking for module 'jsoncpp'
[1.019s] --   Found jsoncpp, version 1.9.5
[1.048s] -- Checking for module 'libzip'
[1.057s] --   Found libzip, version 1.7.3
[1.081s] -- Looking for ignition-common3 -- found version 3.14.0
[1.081s] -- Looking for ignition-math6 -- found version 6.16.0
[1.081s] -- Looking for ignition-msgs5 -- found version 5.8.1
[1.152s] -- Configuring done
[1.178s] -- Generating done
[1.186s] -- Build files have been written to: /home/hassan/Desktop/traffic_map/build/traffic_map
[1.214s] Consolidate compiler generated dependencies of target convert_glb_to_obj
[1.214s] Consolidate compiler generated dependencies of target map_parser
[1.227s] [ 33%] Built target convert_glb_to_obj
[1.227s] [ 41%] Built target map_parser
[1.229s] Consolidate compiler generated dependencies of target traffic_world_plugin
[1.239s] Consolidate compiler generated dependencies of target generate_gazebo_assets
[1.243s] Consolidate compiler generated dependencies of target road_visualization
[1.250s] [ 58%] Built target generate_gazebo_assets
[1.256s] [ 66%] Building CXX object CMakeFiles/traffic_world_plugin.dir/src/traffic_world_plugin.cpp.o
[1.256s] [ 91%] Built target road_visualization
[11.708s] [100%] Linking CXX shared library libtraffic_world_plugin.so
[11.911s] [100%] Built target traffic_world_plugin
[11.920s] Invoked command in '/home/hassan/Desktop/traffic_map/build/traffic_map' returned '0': CMAKE_PREFIX_PATH=/opt/ros/humble /usr/bin/cmake --build /home/hassan/Desktop/traffic_map/build/traffic_map -- -j12 -l12
[11.929s] Invoking command in '/home/hassan/Desktop/traffic_map/build/traffic_map': CMAKE_PREFIX_PATH=/opt/ros/humble /usr/bin/cmake --install /home/hassan/Desktop/traffic_map/build/traffic_map
[11.934s] -- Install configuration: ""
[11.935s] -- Execute custom install script
[11.935s] -- Up-to-date symlink: /home/hassan/Desktop/traffic_map/install/traffic_map/lib/traffic_map/road_visualization
[11.935s] -- Up-to-date symlink: /home/hassan/Desktop/traffic_map/install/traffic_map/lib/traffic_map/generate_gazebo_assets
[11.935s] -- Up-to-date symlink: /home/hassan/Desktop/traffic_map/install/traffic_map/lib/traffic_map/convert_glb_to_obj
[11.936s] -- Up-to-date symlink: /home/hassan/Desktop/traffic_map/install/traffic_map/lib/libtraffic_world_plugin.so
[11.936s] -- Up-to-date symlink: /home/hassan/Desktop/traffic_map/install/traffic_map/share/traffic_map/maps/bjb_sangjani_full.xodr
[11.936s] -- Up-to-date symlink: /home/hassan/Desktop/traffic_map/install/traffic_map/share/traffic_map/rviz/traffic_map.rviz
[11.936s] -- Up-to-date symlink: /home/hassan/Desktop/traffic_map/install/traffic_map/share/traffic_map/gazebo/model_database/database.config
[11.936s] -- Up-to-date symlink: /home/hassan/Desktop/traffic_map/install/traffic_map/share/traffic_map/gazebo/traffic.world
[11.937s] -- Up-to-date symlink: /home/hassan/Desktop/traffic_map/install/traffic_map/share/ament_index/resource_index/package_run_dependencies/traffic_map
[11.937s] -- Up-to-date symlink: /home/hassan/Desktop/traffic_map/install/traffic_map/share/ament_index/resource_index/parent_prefix_path/traffic_map
[11.937s] -- Up-to-date symlink: /home/hassan/Desktop/traffic_map/install/traffic_map/share/traffic_map/environment/ament_prefix_path.sh
[11.937s] -- Up-to-date symlink: /home/hassan/Desktop/traffic_map/install/traffic_map/share/traffic_map/environment/ament_prefix_path.dsv
[11.937s] -- Up-to-date symlink: /home/hassan/Desktop/traffic_map/install/traffic_map/share/traffic_map/environment/path.sh
[11.938s] -- Up-to-date symlink: /home/hassan/Desktop/traffic_map/install/traffic_map/share/traffic_map/environment/path.dsv
[11.938s] -- Up-to-date symlink: /home/hassan/Desktop/traffic_map/install/traffic_map/share/traffic_map/local_setup.bash
[11.938s] -- Up-to-date symlink: /home/hassan/Desktop/traffic_map/install/traffic_map/share/traffic_map/local_setup.sh
[11.938s] -- Up-to-date symlink: /home/hassan/Desktop/traffic_map/install/traffic_map/share/traffic_map/local_setup.zsh
[11.939s] -- Up-to-date symlink: /home/hassan/Desktop/traffic_map/install/traffic_map/share/traffic_map/local_setup.dsv
[11.939s] -- Symlinking: /home/hassan/Desktop/traffic_map/install/traffic_map/share/traffic_map/package.dsv
[11.947s] -- Up-to-date symlink: /home/hassan/Desktop/traffic_map/install/traffic_map/share/ament_index/resource_index/packages/traffic_map
[11.947s] -- Up-to-date symlink: /home/hassan/Desktop/traffic_map/install/traffic_map/share/traffic_map/cmake/traffic_mapConfig.cmake
[11.947s] -- Up-to-date symlink: /home/hassan/Desktop/traffic_map/install/traffic_map/share/traffic_map/cmake/traffic_mapConfig-version.cmake
[11.948s] -- Up-to-date symlink: /home/hassan/Desktop/traffic_map/install/traffic_map/share/traffic_map/package.xml
[11.949s] Invoked command in '/home/hassan/Desktop/traffic_map/build/traffic_map' returned '0': CMAKE_PREFIX_PATH=/opt/ros/humble /usr/bin/cmake --install /home/hassan/Desktop/traffic_map/build/traffic_map
