[0.603s] DEBUG:colcon:Command line arguments: ['/usr/bin/colcon', 'build', '--symlink-install', '--event-handlers', 'console_direct+']
[0.603s] DEBUG:colcon:Parsed command line arguments: Namespace(log_base=None, log_level=None, verb_name='build', build_base='build', install_base='install', merge_install=False, symlink_install=True, test_result_base=None, continue_on_error=False, executor='parallel', parallel_workers=12, event_handlers=['console_direct+'], ignore_user_meta=False, metas=['./colcon.meta'], base_paths=['.'], packages_ignore=None, packages_ignore_regex=None, paths=None, packages_up_to=None, packages_up_to_regex=None, packages_above=None, packages_above_and_dependencies=None, packages_above_depth=None, packages_select_by_dep=None, packages_skip_by_dep=None, packages_skip_up_to=None, packages_select_build_failed=False, packages_skip_build_finished=False, packages_select_test_failures=False, packages_skip_test_passed=False, packages_select=None, packages_skip=None, packages_select_regex=None, packages_skip_regex=None, packages_start=None, packages_end=None, allow_overriding=[], cmake_args=None, cmake_target=None, cmake_target_skip_unavailable=False, cmake_clean_cache=False, cmake_clean_first=False, cmake_force_configure=False, ament_cmake_args=None, catkin_cmake_args=None, catkin_skip_building_tests=False, mixin_files=None, mixin=None, verb_parser=<colcon_mixin.mixin.mixin_argument.MixinArgumentDecorator object at 0x7a72b33da7a0>, verb_extension=<colcon_core.verb.build.BuildVerb object at 0x7a72b356f9d0>, main=<bound method BuildVerb.main of <colcon_core.verb.build.BuildVerb object at 0x7a72b356f9d0>>, mixin_verb=('build',))
[1.503s] Level 1:colcon.colcon_core.package_discovery:discover_packages(colcon_meta) check parameters
[1.504s] Level 1:colcon.colcon_core.package_discovery:discover_packages(recursive) check parameters
[1.504s] Level 1:colcon.colcon_core.package_discovery:discover_packages(ignore) check parameters
[1.504s] Level 1:colcon.colcon_core.package_discovery:discover_packages(path) check parameters
[1.505s] Level 1:colcon.colcon_core.package_discovery:discover_packages(colcon_meta) discover
[1.505s] Level 1:colcon.colcon_core.package_discovery:discover_packages(recursive) discover
[1.505s] INFO:colcon.colcon_core.package_discovery:Crawling recursively for packages in '/home/hassan/Desktop/traffic_map'
[1.506s] Level 1:colcon.colcon_core.package_identification:_identify(.) by extensions ['ignore', 'ignore_ament_install']
[1.506s] Level 1:colcon.colcon_core.package_identification:_identify(.) by extension 'ignore'
[1.507s] Level 1:colcon.colcon_core.package_identification:_identify(.) by extension 'ignore_ament_install'
[1.507s] Level 1:colcon.colcon_core.package_identification:_identify(.) by extensions ['colcon_pkg']
[1.507s] Level 1:colcon.colcon_core.package_identification:_identify(.) by extension 'colcon_pkg'
[1.508s] Level 1:colcon.colcon_core.package_identification:_identify(.) by extensions ['colcon_meta']
[1.508s] Level 1:colcon.colcon_core.package_identification:_identify(.) by extension 'colcon_meta'
[1.508s] Level 1:colcon.colcon_core.package_identification:_identify(.) by extensions ['ros']
[1.508s] Level 1:colcon.colcon_core.package_identification:_identify(.) by extension 'ros'
[1.580s] DEBUG:colcon.colcon_core.package_identification:Package '.' with type 'ros.ament_cmake' and name 'traffic_map'
[1.580s] Level 1:colcon.colcon_core.package_discovery:discover_packages(recursive) using defaults
[1.581s] Level 1:colcon.colcon_core.package_discovery:discover_packages(ignore) discover
[1.581s] Level 1:colcon.colcon_core.package_discovery:discover_packages(ignore) using defaults
[1.581s] Level 1:colcon.colcon_core.package_discovery:discover_packages(path) discover
[1.581s] Level 1:colcon.colcon_core.package_discovery:discover_packages(path) using defaults
[1.721s] Level 1:colcon.colcon_core.package_discovery:discover_packages(prefix_path) check parameters
[1.721s] Level 1:colcon.colcon_core.package_discovery:discover_packages(prefix_path) discover
[1.735s] DEBUG:colcon.colcon_installed_package_information.package_discovery:Found 280 installed packages in /opt/ros/humble
[1.742s] Level 1:colcon.colcon_core.package_discovery:discover_packages(prefix_path) using defaults
[1.958s] Level 5:colcon.colcon_core.verb:set package 'traffic_map' build argument 'cmake_args' from command line to 'None'
[1.958s] Level 5:colcon.colcon_core.verb:set package 'traffic_map' build argument 'cmake_target' from command line to 'None'
[1.958s] Level 5:colcon.colcon_core.verb:set package 'traffic_map' build argument 'cmake_target_skip_unavailable' from command line to 'False'
[1.958s] Level 5:colcon.colcon_core.verb:set package 'traffic_map' build argument 'cmake_clean_cache' from command line to 'False'
[1.958s] Level 5:colcon.colcon_core.verb:set package 'traffic_map' build argument 'cmake_clean_first' from command line to 'False'
[1.959s] Level 5:colcon.colcon_core.verb:set package 'traffic_map' build argument 'cmake_force_configure' from command line to 'False'
[1.959s] Level 5:colcon.colcon_core.verb:set package 'traffic_map' build argument 'ament_cmake_args' from command line to 'None'
[1.959s] Level 5:colcon.colcon_core.verb:set package 'traffic_map' build argument 'catkin_cmake_args' from command line to 'None'
[1.959s] Level 5:colcon.colcon_core.verb:set package 'traffic_map' build argument 'catkin_skip_building_tests' from command line to 'False'
[1.959s] DEBUG:colcon.colcon_core.verb:Building package 'traffic_map' with the following arguments: {'ament_cmake_args': None, 'build_base': '/home/hassan/Desktop/traffic_map/build/traffic_map', 'catkin_cmake_args': None, 'catkin_skip_building_tests': False, 'cmake_args': None, 'cmake_clean_cache': False, 'cmake_clean_first': False, 'cmake_force_configure': False, 'cmake_target': None, 'cmake_target_skip_unavailable': False, 'install_base': '/home/hassan/Desktop/traffic_map/install/traffic_map', 'merge_install': False, 'path': '/home/hassan/Desktop/traffic_map', 'symlink_install': True, 'test_result_base': None}
[1.960s] INFO:colcon.colcon_core.executor:Executing jobs using 'parallel' executor
[1.964s] DEBUG:colcon.colcon_parallel_executor.executor.parallel:run_until_complete
[1.965s] INFO:colcon.colcon_ros.task.ament_cmake.build:Building ROS package in '/home/hassan/Desktop/traffic_map' with build type 'ament_cmake'
[1.966s] INFO:colcon.colcon_cmake.task.cmake.build:Building CMake package in '/home/hassan/Desktop/traffic_map'
[1.977s] INFO:colcon.colcon_core.plugin_system:Skipping extension 'colcon_core.shell.bat': Not used on non-Windows systems
[1.978s] INFO:colcon.colcon_core.shell:Skip shell extension 'powershell' for command environment: Not usable outside of PowerShell
[1.978s] DEBUG:colcon.colcon_core.shell:Skip shell extension 'dsv' for command environment
[2.017s] DEBUG:colcon.colcon_core.event_handler.log_command:Invoking command in '/home/hassan/Desktop/traffic_map/build/traffic_map': CMAKE_PREFIX_PATH=/opt/ros/humble /usr/bin/cmake --build /home/hassan/Desktop/traffic_map/build/traffic_map -- -j12 -l12
[58.486s] DEBUG:colcon.colcon_core.event_handler.log_command:Invoked command in '/home/hassan/Desktop/traffic_map/build/traffic_map' returned '0': CMAKE_PREFIX_PATH=/opt/ros/humble /usr/bin/cmake --build /home/hassan/Desktop/traffic_map/build/traffic_map -- -j12 -l12
[58.528s] DEBUG:colcon.colcon_core.event_handler.log_command:Invoking command in '/home/hassan/Desktop/traffic_map/build/traffic_map': CMAKE_PREFIX_PATH=/opt/ros/humble /usr/bin/cmake --install /home/hassan/Desktop/traffic_map/build/traffic_map
[58.630s] Level 1:colcon.colcon_core.environment:create_environment_scripts_only(traffic_map)
[58.633s] DEBUG:colcon.colcon_core.event_handler.log_command:Invoked command in '/home/hassan/Desktop/traffic_map/build/traffic_map' returned '0': CMAKE_PREFIX_PATH=/opt/ros/humble /usr/bin/cmake --install /home/hassan/Desktop/traffic_map/build/traffic_map
[58.647s] Level 1:colcon.colcon_core.environment:checking '/home/hassan/Desktop/traffic_map/install/traffic_map' for CMake module files
[58.649s] Level 1:colcon.colcon_core.environment:checking '/home/hassan/Desktop/traffic_map/install/traffic_map' for CMake config files
[58.651s] Level 1:colcon.colcon_core.shell:create_environment_hook('traffic_map', 'cmake_prefix_path')
[58.652s] INFO:colcon.colcon_core.shell:Creating environment hook '/home/hassan/Desktop/traffic_map/install/traffic_map/share/traffic_map/hook/cmake_prefix_path.ps1'
[58.655s] INFO:colcon.colcon_core.shell:Creating environment descriptor '/home/hassan/Desktop/traffic_map/install/traffic_map/share/traffic_map/hook/cmake_prefix_path.dsv'
[58.657s] INFO:colcon.colcon_core.shell:Creating environment hook '/home/hassan/Desktop/traffic_map/install/traffic_map/share/traffic_map/hook/cmake_prefix_path.sh'
[58.662s] Level 1:colcon.colcon_core.environment:checking '/home/hassan/Desktop/traffic_map/install/traffic_map/lib'
[58.663s] Level 1:colcon.colcon_core.shell:create_environment_hook('traffic_map', 'ld_library_path_lib')
[58.664s] INFO:colcon.colcon_core.shell:Creating environment hook '/home/hassan/Desktop/traffic_map/install/traffic_map/share/traffic_map/hook/ld_library_path_lib.ps1'
[58.666s] INFO:colcon.colcon_core.shell:Creating environment descriptor '/home/hassan/Desktop/traffic_map/install/traffic_map/share/traffic_map/hook/ld_library_path_lib.dsv'
[58.668s] INFO:colcon.colcon_core.shell:Creating environment hook '/home/hassan/Desktop/traffic_map/install/traffic_map/share/traffic_map/hook/ld_library_path_lib.sh'
[58.670s] Level 1:colcon.colcon_core.environment:checking '/home/hassan/Desktop/traffic_map/install/traffic_map/bin'
[58.671s] Level 1:colcon.colcon_core.environment:checking '/home/hassan/Desktop/traffic_map/install/traffic_map/lib/pkgconfig/traffic_map.pc'
[58.671s] Level 1:colcon.colcon_core.environment:checking '/home/hassan/Desktop/traffic_map/install/traffic_map/lib/python3.10/site-packages'
[58.673s] Level 1:colcon.colcon_core.environment:checking '/home/hassan/Desktop/traffic_map/install/traffic_map/bin'
[58.675s] INFO:colcon.colcon_core.shell:Creating package script '/home/hassan/Desktop/traffic_map/install/traffic_map/share/traffic_map/package.ps1'
[58.681s] INFO:colcon.colcon_core.shell:Creating package descriptor '/home/hassan/Desktop/traffic_map/install/traffic_map/share/traffic_map/package.dsv'
[58.684s] INFO:colcon.colcon_core.shell:Creating package script '/home/hassan/Desktop/traffic_map/install/traffic_map/share/traffic_map/package.sh'
[58.688s] INFO:colcon.colcon_core.shell:Creating package script '/home/hassan/Desktop/traffic_map/install/traffic_map/share/traffic_map/package.bash'
[58.692s] INFO:colcon.colcon_core.shell:Creating package script '/home/hassan/Desktop/traffic_map/install/traffic_map/share/traffic_map/package.zsh'
[58.697s] Level 1:colcon.colcon_core.environment:create_file_with_runtime_dependencies(/home/hassan/Desktop/traffic_map/install/traffic_map/share/colcon-core/packages/traffic_map)
[58.701s] Level 1:colcon.colcon_core.environment:create_environment_scripts_only(traffic_map)
[58.703s] Level 1:colcon.colcon_core.environment:checking '/home/hassan/Desktop/traffic_map/install/traffic_map' for CMake module files
[58.707s] Level 1:colcon.colcon_core.environment:checking '/home/hassan/Desktop/traffic_map/install/traffic_map' for CMake config files
[58.708s] Level 1:colcon.colcon_core.shell:create_environment_hook('traffic_map', 'cmake_prefix_path')
[58.709s] INFO:colcon.colcon_core.shell:Creating environment hook '/home/hassan/Desktop/traffic_map/install/traffic_map/share/traffic_map/hook/cmake_prefix_path.ps1'
[58.711s] INFO:colcon.colcon_core.shell:Creating environment descriptor '/home/hassan/Desktop/traffic_map/install/traffic_map/share/traffic_map/hook/cmake_prefix_path.dsv'
[58.713s] INFO:colcon.colcon_core.shell:Creating environment hook '/home/hassan/Desktop/traffic_map/install/traffic_map/share/traffic_map/hook/cmake_prefix_path.sh'
[58.716s] Level 1:colcon.colcon_core.environment:checking '/home/hassan/Desktop/traffic_map/install/traffic_map/lib'
[58.716s] Level 1:colcon.colcon_core.shell:create_environment_hook('traffic_map', 'ld_library_path_lib')
[58.717s] INFO:colcon.colcon_core.shell:Creating environment hook '/home/hassan/Desktop/traffic_map/install/traffic_map/share/traffic_map/hook/ld_library_path_lib.ps1'
[58.719s] INFO:colcon.colcon_core.shell:Creating environment descriptor '/home/hassan/Desktop/traffic_map/install/traffic_map/share/traffic_map/hook/ld_library_path_lib.dsv'
[58.721s] INFO:colcon.colcon_core.shell:Creating environment hook '/home/hassan/Desktop/traffic_map/install/traffic_map/share/traffic_map/hook/ld_library_path_lib.sh'
[58.723s] Level 1:colcon.colcon_core.environment:checking '/home/hassan/Desktop/traffic_map/install/traffic_map/bin'
[58.724s] Level 1:colcon.colcon_core.environment:checking '/home/hassan/Desktop/traffic_map/install/traffic_map/lib/pkgconfig/traffic_map.pc'
[58.725s] Level 1:colcon.colcon_core.environment:checking '/home/hassan/Desktop/traffic_map/install/traffic_map/lib/python3.10/site-packages'
[58.726s] Level 1:colcon.colcon_core.environment:checking '/home/hassan/Desktop/traffic_map/install/traffic_map/bin'
[58.728s] INFO:colcon.colcon_core.shell:Creating package script '/home/hassan/Desktop/traffic_map/install/traffic_map/share/traffic_map/package.ps1'
[58.731s] INFO:colcon.colcon_core.shell:Creating package descriptor '/home/hassan/Desktop/traffic_map/install/traffic_map/share/traffic_map/package.dsv'
[58.734s] INFO:colcon.colcon_core.shell:Creating package script '/home/hassan/Desktop/traffic_map/install/traffic_map/share/traffic_map/package.sh'
[58.736s] INFO:colcon.colcon_core.shell:Creating package script '/home/hassan/Desktop/traffic_map/install/traffic_map/share/traffic_map/package.bash'
[58.738s] INFO:colcon.colcon_core.shell:Creating package script '/home/hassan/Desktop/traffic_map/install/traffic_map/share/traffic_map/package.zsh'
[58.740s] Level 1:colcon.colcon_core.environment:create_file_with_runtime_dependencies(/home/hassan/Desktop/traffic_map/install/traffic_map/share/colcon-core/packages/traffic_map)
[58.741s] DEBUG:colcon.colcon_parallel_executor.executor.parallel:closing loop
[58.742s] DEBUG:colcon.colcon_parallel_executor.executor.parallel:loop closed
[58.743s] DEBUG:colcon.colcon_parallel_executor.executor.parallel:run_until_complete finished with '0'
[58.743s] DEBUG:colcon.colcon_core.event_reactor:joining thread
[58.775s] INFO:colcon.colcon_core.plugin_system:Skipping extension 'colcon_notification.desktop_notification.terminal_notifier': Not used on non-Darwin systems
[58.776s] INFO:colcon.colcon_core.plugin_system:Skipping extension 'colcon_notification.desktop_notification.win32': Not used on non-Windows systems
[58.776s] INFO:colcon.colcon_notification.desktop_notification:Sending desktop notification using 'notify2'
[58.777s] DEBUG:colcon.colcon_notification.desktop_notification.notify2:Failed to initialize notify2: org.freedesktop.DBus.Error.AccessDenied: Failed to connect to socket /run/user/1000/bus: Operation not permitted
[58.777s] DEBUG:colcon.colcon_core.event_reactor:joined thread
[58.779s] INFO:colcon.colcon_core.shell:Creating prefix script '/home/hassan/Desktop/traffic_map/install/local_setup.ps1'
[58.783s] INFO:colcon.colcon_core.shell:Creating prefix util module '/home/hassan/Desktop/traffic_map/install/_local_setup_util_ps1.py'
[58.793s] INFO:colcon.colcon_core.shell:Creating prefix chain script '/home/hassan/Desktop/traffic_map/install/setup.ps1'
[58.799s] INFO:colcon.colcon_core.shell:Creating prefix script '/home/hassan/Desktop/traffic_map/install/local_setup.sh'
[58.802s] INFO:colcon.colcon_core.shell:Creating prefix util module '/home/hassan/Desktop/traffic_map/install/_local_setup_util_sh.py'
[58.805s] INFO:colcon.colcon_core.shell:Creating prefix chain script '/home/hassan/Desktop/traffic_map/install/setup.sh'
[58.811s] INFO:colcon.colcon_core.shell:Creating prefix script '/home/hassan/Desktop/traffic_map/install/local_setup.bash'
[58.814s] INFO:colcon.colcon_core.shell:Creating prefix chain script '/home/hassan/Desktop/traffic_map/install/setup.bash'
[58.819s] INFO:colcon.colcon_core.shell:Creating prefix script '/home/hassan/Desktop/traffic_map/install/local_setup.zsh'
[58.822s] INFO:colcon.colcon_core.shell:Creating prefix chain script '/home/hassan/Desktop/traffic_map/install/setup.zsh'
