[0.039s] Invoking command in '/home/hassan/Desktop/traffic_map/build/traffic_map': CMAKE_PREFIX_PATH=/opt/ros/humble /usr/bin/cmake --build /home/hassan/Desktop/traffic_map/build/traffic_map -- -j12 -l12
[0.225s] [ 50%] Built target map_parser
[0.332s] [ 66%] Building CXX object CMakeFiles/road_visualization.dir/src/road_visualization.cpp.o
[23.594s] [ 83%] Linking CXX executable road_visualization
[24.834s] [100%] Built target road_visualization
[24.877s] Invoked command in '/home/hassan/Desktop/traffic_map/build/traffic_map' returned '0': CMAKE_PREFIX_PATH=/opt/ros/humble /usr/bin/cmake --build /home/hassan/Desktop/traffic_map/build/traffic_map -- -j12 -l12
[24.911s] Invoking command in '/home/hassan/Desktop/traffic_map/build/traffic_map': CMAKE_PREFIX_PATH=/opt/ros/humble /usr/bin/cmake --install /home/hassan/Desktop/traffic_map/build/traffic_map
[24.938s] -- Install configuration: ""
[24.940s] -- Execute custom install script
[24.941s] -- Up-to-date symlink: /home/hassan/Desktop/traffic_map/install/traffic_map/lib/traffic_map/road_visualization
[24.942s] -- Up-to-date symlink: /home/hassan/Desktop/traffic_map/install/traffic_map/share/traffic_map/maps/bjb_sangjani_full.xodr
[24.944s] -- Up-to-date symlink: /home/hassan/Desktop/traffic_map/install/traffic_map/share/traffic_map/rviz/traffic_map.rviz
[24.945s] -- Up-to-date symlink: /home/hassan/Desktop/traffic_map/install/traffic_map/share/ament_index/resource_index/package_run_dependencies/traffic_map
[24.946s] -- Up-to-date symlink: /home/hassan/Desktop/traffic_map/install/traffic_map/share/ament_index/resource_index/parent_prefix_path/traffic_map
[24.948s] -- Up-to-date symlink: /home/hassan/Desktop/traffic_map/install/traffic_map/share/traffic_map/environment/ament_prefix_path.sh
[24.949s] -- Up-to-date symlink: /home/hassan/Desktop/traffic_map/install/traffic_map/share/traffic_map/environment/ament_prefix_path.dsv
[24.950s] -- Up-to-date symlink: /home/hassan/Desktop/traffic_map/install/traffic_map/share/traffic_map/environment/path.sh
[24.951s] -- Up-to-date symlink: /home/hassan/Desktop/traffic_map/install/traffic_map/share/traffic_map/environment/path.dsv
[24.952s] -- Up-to-date symlink: /home/hassan/Desktop/traffic_map/install/traffic_map/share/traffic_map/local_setup.bash
[24.953s] -- Up-to-date symlink: /home/hassan/Desktop/traffic_map/install/traffic_map/share/traffic_map/local_setup.sh
[24.954s] -- Up-to-date symlink: /home/hassan/Desktop/traffic_map/install/traffic_map/share/traffic_map/local_setup.zsh
[24.955s] -- Up-to-date symlink: /home/hassan/Desktop/traffic_map/install/traffic_map/share/traffic_map/local_setup.dsv
[24.955s] -- Symlinking: /home/hassan/Desktop/traffic_map/install/traffic_map/share/traffic_map/package.dsv
[24.987s] -- Up-to-date symlink: /home/hassan/Desktop/traffic_map/install/traffic_map/share/ament_index/resource_index/packages/traffic_map
[24.988s] -- Up-to-date symlink: /home/hassan/Desktop/traffic_map/install/traffic_map/share/traffic_map/cmake/traffic_mapConfig.cmake
[24.988s] -- Up-to-date symlink: /home/hassan/Desktop/traffic_map/install/traffic_map/share/traffic_map/cmake/traffic_mapConfig-version.cmake
[24.988s] -- Up-to-date symlink: /home/hassan/Desktop/traffic_map/install/traffic_map/share/traffic_map/package.xml
[24.994s] Invoked command in '/home/hassan/Desktop/traffic_map/build/traffic_map' returned '0': CMAKE_PREFIX_PATH=/opt/ros/humble /usr/bin/cmake --install /home/hassan/Desktop/traffic_map/build/traffic_map
