[0.453s] DEBUG:colcon:Command line arguments: ['/usr/bin/colcon', 'build', '--symlink-install']
[0.454s] DEBUG:colcon:Parsed command line arguments: Namespace(log_base=None, log_level=None, verb_name='build', build_base='build', install_base='install', merge_install=False, symlink_install=True, test_result_base=None, continue_on_error=False, executor='parallel', parallel_workers=12, event_handlers=None, ignore_user_meta=False, metas=['./colcon.meta'], base_paths=['.'], packages_ignore=None, packages_ignore_regex=None, paths=None, packages_up_to=None, packages_up_to_regex=None, packages_above=None, packages_above_and_dependencies=None, packages_above_depth=None, packages_select_by_dep=None, packages_skip_by_dep=None, packages_skip_up_to=None, packages_select_build_failed=False, packages_skip_build_finished=False, packages_select_test_failures=False, packages_skip_test_passed=False, packages_select=None, packages_skip=None, packages_select_regex=None, packages_skip_regex=None, packages_start=None, packages_end=None, allow_overriding=[], cmake_args=None, cmake_target=None, cmake_target_skip_unavailable=False, cmake_clean_cache=False, cmake_clean_first=False, cmake_force_configure=False, ament_cmake_args=None, catkin_cmake_args=None, catkin_skip_building_tests=False, mixin_files=None, mixin=None, verb_parser=<colcon_mixin.mixin.mixin_argument.MixinArgumentDecorator object at 0x757a9cb65fc0>, verb_extension=<colcon_core.verb.build.BuildVerb object at 0x757a9cc771f0>, main=<bound method BuildVerb.main of <colcon_core.verb.build.BuildVerb object at 0x757a9cc771f0>>, mixin_verb=('build',))
[1.188s] Level 1:colcon.colcon_core.package_discovery:discover_packages(colcon_meta) check parameters
[1.189s] Level 1:colcon.colcon_core.package_discovery:discover_packages(recursive) check parameters
[1.189s] Level 1:colcon.colcon_core.package_discovery:discover_packages(ignore) check parameters
[1.189s] Level 1:colcon.colcon_core.package_discovery:discover_packages(path) check parameters
[1.189s] Level 1:colcon.colcon_core.package_discovery:discover_packages(colcon_meta) discover
[1.189s] Level 1:colcon.colcon_core.package_discovery:discover_packages(recursive) discover
[1.190s] INFO:colcon.colcon_core.package_discovery:Crawling recursively for packages in '/home/hassan/Desktop/traffic_map'
[1.190s] Level 1:colcon.colcon_core.package_identification:_identify(.) by extensions ['ignore', 'ignore_ament_install']
[1.190s] Level 1:colcon.colcon_core.package_identification:_identify(.) by extension 'ignore'
[1.191s] Level 1:colcon.colcon_core.package_identification:_identify(.) by extension 'ignore_ament_install'
[1.191s] Level 1:colcon.colcon_core.package_identification:_identify(.) by extensions ['colcon_pkg']
[1.191s] Level 1:colcon.colcon_core.package_identification:_identify(.) by extension 'colcon_pkg'
[1.191s] Level 1:colcon.colcon_core.package_identification:_identify(.) by extensions ['colcon_meta']
[1.191s] Level 1:colcon.colcon_core.package_identification:_identify(.) by extension 'colcon_meta'
[1.192s] Level 1:colcon.colcon_core.package_identification:_identify(.) by extensions ['ros']
[1.192s] Level 1:colcon.colcon_core.package_identification:_identify(.) by extension 'ros'
[1.247s] DEBUG:colcon.colcon_core.package_identification:Package '.' with type 'ros.ament_cmake' and name 'traffic_map'
[1.247s] Level 1:colcon.colcon_core.package_discovery:discover_packages(recursive) using defaults
[1.247s] Level 1:colcon.colcon_core.package_discovery:discover_packages(ignore) discover
[1.247s] Level 1:colcon.colcon_core.package_discovery:discover_packages(ignore) using defaults
[1.247s] Level 1:colcon.colcon_core.package_discovery:discover_packages(path) discover
[1.247s] Level 1:colcon.colcon_core.package_discovery:discover_packages(path) using defaults
[1.352s] Level 1:colcon.colcon_core.package_discovery:discover_packages(prefix_path) check parameters
[1.352s] Level 1:colcon.colcon_core.package_discovery:discover_packages(prefix_path) discover
[1.362s] DEBUG:colcon.colcon_installed_package_information.package_discovery:Found 280 installed packages in /opt/ros/humble
[1.368s] Level 1:colcon.colcon_core.package_discovery:discover_packages(prefix_path) using defaults
[1.535s] Level 5:colcon.colcon_core.verb:set package 'traffic_map' build argument 'cmake_args' from command line to 'None'
[1.535s] Level 5:colcon.colcon_core.verb:set package 'traffic_map' build argument 'cmake_target' from command line to 'None'
[1.536s] Level 5:colcon.colcon_core.verb:set package 'traffic_map' build argument 'cmake_target_skip_unavailable' from command line to 'False'
[1.536s] Level 5:colcon.colcon_core.verb:set package 'traffic_map' build argument 'cmake_clean_cache' from command line to 'False'
[1.536s] Level 5:colcon.colcon_core.verb:set package 'traffic_map' build argument 'cmake_clean_first' from command line to 'False'
[1.536s] Level 5:colcon.colcon_core.verb:set package 'traffic_map' build argument 'cmake_force_configure' from command line to 'False'
[1.536s] Level 5:colcon.colcon_core.verb:set package 'traffic_map' build argument 'ament_cmake_args' from command line to 'None'
[1.536s] Level 5:colcon.colcon_core.verb:set package 'traffic_map' build argument 'catkin_cmake_args' from command line to 'None'
[1.536s] Level 5:colcon.colcon_core.verb:set package 'traffic_map' build argument 'catkin_skip_building_tests' from command line to 'False'
[1.536s] DEBUG:colcon.colcon_core.verb:Building package 'traffic_map' with the following arguments: {'ament_cmake_args': None, 'build_base': '/home/hassan/Desktop/traffic_map/build/traffic_map', 'catkin_cmake_args': None, 'catkin_skip_building_tests': False, 'cmake_args': None, 'cmake_clean_cache': False, 'cmake_clean_first': False, 'cmake_force_configure': False, 'cmake_target': None, 'cmake_target_skip_unavailable': False, 'install_base': '/home/hassan/Desktop/traffic_map/install/traffic_map', 'merge_install': False, 'path': '/home/hassan/Desktop/traffic_map', 'symlink_install': True, 'test_result_base': None}
[1.537s] INFO:colcon.colcon_core.executor:Executing jobs using 'parallel' executor
[1.540s] DEBUG:colcon.colcon_parallel_executor.executor.parallel:run_until_complete
[1.541s] INFO:colcon.colcon_ros.task.ament_cmake.build:Building ROS package in '/home/hassan/Desktop/traffic_map' with build type 'ament_cmake'
[1.542s] INFO:colcon.colcon_cmake.task.cmake.build:Building CMake package in '/home/hassan/Desktop/traffic_map'
[1.550s] INFO:colcon.colcon_core.plugin_system:Skipping extension 'colcon_core.shell.bat': Not used on non-Windows systems
[1.551s] INFO:colcon.colcon_core.shell:Skip shell extension 'powershell' for command environment: Not usable outside of PowerShell
[1.551s] DEBUG:colcon.colcon_core.shell:Skip shell extension 'dsv' for command environment
[1.588s] DEBUG:colcon.colcon_core.event_handler.log_command:Invoking command in '/home/hassan/Desktop/traffic_map/build/traffic_map': CMAKE_PREFIX_PATH=/opt/ros/humble /usr/bin/cmake --build /home/hassan/Desktop/traffic_map/build/traffic_map -- -j12 -l12
[1.914s] DEBUG:colcon.colcon_core.event_handler.log_command:Invoked command in '/home/hassan/Desktop/traffic_map/build/traffic_map' returned '0': CMAKE_PREFIX_PATH=/opt/ros/humble /usr/bin/cmake --build /home/hassan/Desktop/traffic_map/build/traffic_map -- -j12 -l12
[1.948s] DEBUG:colcon.colcon_core.event_handler.log_command:Invoking command in '/home/hassan/Desktop/traffic_map/build/traffic_map': CMAKE_PREFIX_PATH=/opt/ros/humble /usr/bin/cmake --install /home/hassan/Desktop/traffic_map/build/traffic_map
[2.024s] Level 1:colcon.colcon_core.environment:create_environment_scripts_only(traffic_map)
[2.027s] DEBUG:colcon.colcon_core.event_handler.log_command:Invoked command in '/home/hassan/Desktop/traffic_map/build/traffic_map' returned '0': CMAKE_PREFIX_PATH=/opt/ros/humble /usr/bin/cmake --install /home/hassan/Desktop/traffic_map/build/traffic_map
[2.036s] Level 1:colcon.colcon_core.environment:checking '/home/hassan/Desktop/traffic_map/install/traffic_map' for CMake module files
[2.038s] Level 1:colcon.colcon_core.environment:checking '/home/hassan/Desktop/traffic_map/install/traffic_map' for CMake config files
[2.039s] Level 1:colcon.colcon_core.shell:create_environment_hook('traffic_map', 'cmake_prefix_path')
[2.040s] INFO:colcon.colcon_core.shell:Creating environment hook '/home/hassan/Desktop/traffic_map/install/traffic_map/share/traffic_map/hook/cmake_prefix_path.ps1'
[2.043s] INFO:colcon.colcon_core.shell:Creating environment descriptor '/home/hassan/Desktop/traffic_map/install/traffic_map/share/traffic_map/hook/cmake_prefix_path.dsv'
[2.045s] INFO:colcon.colcon_core.shell:Creating environment hook '/home/hassan/Desktop/traffic_map/install/traffic_map/share/traffic_map/hook/cmake_prefix_path.sh'
[2.048s] Level 1:colcon.colcon_core.environment:checking '/home/hassan/Desktop/traffic_map/install/traffic_map/lib'
[2.049s] Level 1:colcon.colcon_core.shell:create_environment_hook('traffic_map', 'ld_library_path_lib')
[2.050s] INFO:colcon.colcon_core.shell:Creating environment hook '/home/hassan/Desktop/traffic_map/install/traffic_map/share/traffic_map/hook/ld_library_path_lib.ps1'
[2.052s] INFO:colcon.colcon_core.shell:Creating environment descriptor '/home/hassan/Desktop/traffic_map/install/traffic_map/share/traffic_map/hook/ld_library_path_lib.dsv'
[2.053s] INFO:colcon.colcon_core.shell:Creating environment hook '/home/hassan/Desktop/traffic_map/install/traffic_map/share/traffic_map/hook/ld_library_path_lib.sh'
[2.055s] Level 1:colcon.colcon_core.environment:checking '/home/hassan/Desktop/traffic_map/install/traffic_map/bin'
[2.055s] Level 1:colcon.colcon_core.environment:checking '/home/hassan/Desktop/traffic_map/install/traffic_map/lib/pkgconfig/traffic_map.pc'
[2.056s] Level 1:colcon.colcon_core.environment:checking '/home/hassan/Desktop/traffic_map/install/traffic_map/lib/python3.10/site-packages'
[2.057s] Level 1:colcon.colcon_core.environment:checking '/home/hassan/Desktop/traffic_map/install/traffic_map/bin'
[2.059s] INFO:colcon.colcon_core.shell:Creating package script '/home/hassan/Desktop/traffic_map/install/traffic_map/share/traffic_map/package.ps1'
[2.064s] INFO:colcon.colcon_core.shell:Creating package descriptor '/home/hassan/Desktop/traffic_map/install/traffic_map/share/traffic_map/package.dsv'
[2.066s] INFO:colcon.colcon_core.shell:Creating package script '/home/hassan/Desktop/traffic_map/install/traffic_map/share/traffic_map/package.sh'
[2.069s] INFO:colcon.colcon_core.shell:Creating package script '/home/hassan/Desktop/traffic_map/install/traffic_map/share/traffic_map/package.bash'
[2.073s] INFO:colcon.colcon_core.shell:Creating package script '/home/hassan/Desktop/traffic_map/install/traffic_map/share/traffic_map/package.zsh'
[2.075s] Level 1:colcon.colcon_core.environment:create_file_with_runtime_dependencies(/home/hassan/Desktop/traffic_map/install/traffic_map/share/colcon-core/packages/traffic_map)
[2.078s] Level 1:colcon.colcon_core.environment:create_environment_scripts_only(traffic_map)
[2.079s] Level 1:colcon.colcon_core.environment:checking '/home/hassan/Desktop/traffic_map/install/traffic_map' for CMake module files
[2.081s] Level 1:colcon.colcon_core.environment:checking '/home/hassan/Desktop/traffic_map/install/traffic_map' for CMake config files
[2.082s] Level 1:colcon.colcon_core.shell:create_environment_hook('traffic_map', 'cmake_prefix_path')
[2.083s] INFO:colcon.colcon_core.shell:Creating environment hook '/home/hassan/Desktop/traffic_map/install/traffic_map/share/traffic_map/hook/cmake_prefix_path.ps1'
[2.084s] INFO:colcon.colcon_core.shell:Creating environment descriptor '/home/hassan/Desktop/traffic_map/install/traffic_map/share/traffic_map/hook/cmake_prefix_path.dsv'
[2.086s] INFO:colcon.colcon_core.shell:Creating environment hook '/home/hassan/Desktop/traffic_map/install/traffic_map/share/traffic_map/hook/cmake_prefix_path.sh'
[2.088s] Level 1:colcon.colcon_core.environment:checking '/home/hassan/Desktop/traffic_map/install/traffic_map/lib'
[2.089s] Level 1:colcon.colcon_core.shell:create_environment_hook('traffic_map', 'ld_library_path_lib')
[2.090s] INFO:colcon.colcon_core.shell:Creating environment hook '/home/hassan/Desktop/traffic_map/install/traffic_map/share/traffic_map/hook/ld_library_path_lib.ps1'
[2.091s] INFO:colcon.colcon_core.shell:Creating environment descriptor '/home/hassan/Desktop/traffic_map/install/traffic_map/share/traffic_map/hook/ld_library_path_lib.dsv'
[2.093s] INFO:colcon.colcon_core.shell:Creating environment hook '/home/hassan/Desktop/traffic_map/install/traffic_map/share/traffic_map/hook/ld_library_path_lib.sh'
[2.094s] Level 1:colcon.colcon_core.environment:checking '/home/hassan/Desktop/traffic_map/install/traffic_map/bin'
[2.094s] Level 1:colcon.colcon_core.environment:checking '/home/hassan/Desktop/traffic_map/install/traffic_map/lib/pkgconfig/traffic_map.pc'
[2.095s] Level 1:colcon.colcon_core.environment:checking '/home/hassan/Desktop/traffic_map/install/traffic_map/lib/python3.10/site-packages'
[2.097s] Level 1:colcon.colcon_core.environment:checking '/home/hassan/Desktop/traffic_map/install/traffic_map/bin'
[2.098s] INFO:colcon.colcon_core.shell:Creating package script '/home/hassan/Desktop/traffic_map/install/traffic_map/share/traffic_map/package.ps1'
[2.101s] INFO:colcon.colcon_core.shell:Creating package descriptor '/home/hassan/Desktop/traffic_map/install/traffic_map/share/traffic_map/package.dsv'
[2.103s] INFO:colcon.colcon_core.shell:Creating package script '/home/hassan/Desktop/traffic_map/install/traffic_map/share/traffic_map/package.sh'
[2.105s] INFO:colcon.colcon_core.shell:Creating package script '/home/hassan/Desktop/traffic_map/install/traffic_map/share/traffic_map/package.bash'
[2.106s] INFO:colcon.colcon_core.shell:Creating package script '/home/hassan/Desktop/traffic_map/install/traffic_map/share/traffic_map/package.zsh'
[2.108s] Level 1:colcon.colcon_core.environment:create_file_with_runtime_dependencies(/home/hassan/Desktop/traffic_map/install/traffic_map/share/colcon-core/packages/traffic_map)
[2.109s] DEBUG:colcon.colcon_parallel_executor.executor.parallel:closing loop
[2.110s] DEBUG:colcon.colcon_parallel_executor.executor.parallel:loop closed
[2.111s] DEBUG:colcon.colcon_parallel_executor.executor.parallel:run_until_complete finished with '0'
[2.111s] DEBUG:colcon.colcon_core.event_reactor:joining thread
[2.136s] INFO:colcon.colcon_core.plugin_system:Skipping extension 'colcon_notification.desktop_notification.terminal_notifier': Not used on non-Darwin systems
[2.137s] INFO:colcon.colcon_core.plugin_system:Skipping extension 'colcon_notification.desktop_notification.win32': Not used on non-Windows systems
[2.137s] INFO:colcon.colcon_notification.desktop_notification:Sending desktop notification using 'notify2'
[2.177s] DEBUG:colcon.colcon_core.event_reactor:joined thread
[2.179s] INFO:colcon.colcon_core.shell:Creating prefix script '/home/hassan/Desktop/traffic_map/install/local_setup.ps1'
[2.182s] INFO:colcon.colcon_core.shell:Creating prefix util module '/home/hassan/Desktop/traffic_map/install/_local_setup_util_ps1.py'
[2.189s] INFO:colcon.colcon_core.shell:Creating prefix chain script '/home/hassan/Desktop/traffic_map/install/setup.ps1'
[2.193s] INFO:colcon.colcon_core.shell:Creating prefix script '/home/hassan/Desktop/traffic_map/install/local_setup.sh'
[2.196s] INFO:colcon.colcon_core.shell:Creating prefix util module '/home/hassan/Desktop/traffic_map/install/_local_setup_util_sh.py'
[2.198s] INFO:colcon.colcon_core.shell:Creating prefix chain script '/home/hassan/Desktop/traffic_map/install/setup.sh'
[2.202s] INFO:colcon.colcon_core.shell:Creating prefix script '/home/hassan/Desktop/traffic_map/install/local_setup.bash'
[2.204s] INFO:colcon.colcon_core.shell:Creating prefix chain script '/home/hassan/Desktop/traffic_map/install/setup.bash'
[2.208s] INFO:colcon.colcon_core.shell:Creating prefix script '/home/hassan/Desktop/traffic_map/install/local_setup.zsh'
[2.210s] INFO:colcon.colcon_core.shell:Creating prefix chain script '/home/hassan/Desktop/traffic_map/install/setup.zsh'
