[0.017s] Invoking command in '/home/hassan/Desktop/traffic_map/build/traffic_map': CMAKE_PREFIX_PATH=/opt/ros/humble /usr/bin/cmake --build /home/hassan/Desktop/traffic_map/build/traffic_map -- -j12 -l12
[0.082s] [ 33%] Built target convert_glb_to_obj
[0.082s] [ 41%] Built target map_parser
[0.111s] [ 58%] Built target generate_gazebo_assets
[0.115s] [ 66%] Building CXX object CMakeFiles/traffic_world_plugin.dir/src/traffic_world_plugin.cpp.o
[0.120s] [ 91%] Built target road_visualization
[13.524s] [100%] Linking CXX shared library libtraffic_world_plugin.so
[13.727s] [100%] Built target traffic_world_plugin
[13.737s] Invoked command in '/home/hassan/Desktop/traffic_map/build/traffic_map' returned '0': CMAKE_PREFIX_PATH=/opt/ros/humble /usr/bin/cmake --build /home/hassan/Desktop/traffic_map/build/traffic_map -- -j12 -l12
[13.745s] Invoking command in '/home/hassan/Desktop/traffic_map/build/traffic_map': CMAKE_PREFIX_PATH=/opt/ros/humble /usr/bin/cmake --install /home/hassan/Desktop/traffic_map/build/traffic_map
[13.752s] -- Install configuration: ""
[13.752s] -- Execute custom install script
[13.753s] -- Up-to-date symlink: /home/hassan/Desktop/traffic_map/install/traffic_map/lib/traffic_map/road_visualization
[13.753s] -- Up-to-date symlink: /home/hassan/Desktop/traffic_map/install/traffic_map/lib/traffic_map/generate_gazebo_assets
[13.753s] -- Up-to-date symlink: /home/hassan/Desktop/traffic_map/install/traffic_map/lib/traffic_map/convert_glb_to_obj
[13.753s] -- Up-to-date symlink: /home/hassan/Desktop/traffic_map/install/traffic_map/lib/libtraffic_world_plugin.so
[13.754s] -- Up-to-date symlink: /home/hassan/Desktop/traffic_map/install/traffic_map/share/traffic_map/maps/bjb_sangjani_full.xodr
[13.754s] -- Up-to-date symlink: /home/hassan/Desktop/traffic_map/install/traffic_map/share/traffic_map/rviz/traffic_map.rviz
[13.754s] -- Up-to-date symlink: /home/hassan/Desktop/traffic_map/install/traffic_map/share/traffic_map/gazebo/model_database/database.config
[13.755s] -- Up-to-date symlink: /home/hassan/Desktop/traffic_map/install/traffic_map/share/traffic_map/gazebo/traffic.world
[13.755s] -- Up-to-date symlink: /home/hassan/Desktop/traffic_map/install/traffic_map/share/ament_index/resource_index/package_run_dependencies/traffic_map
[13.755s] -- Up-to-date symlink: /home/hassan/Desktop/traffic_map/install/traffic_map/share/ament_index/resource_index/parent_prefix_path/traffic_map
[13.755s] -- Up-to-date symlink: /home/hassan/Desktop/traffic_map/install/traffic_map/share/traffic_map/environment/ament_prefix_path.sh
[13.756s] -- Up-to-date symlink: /home/hassan/Desktop/traffic_map/install/traffic_map/share/traffic_map/environment/ament_prefix_path.dsv
[13.756s] -- Up-to-date symlink: /home/hassan/Desktop/traffic_map/install/traffic_map/share/traffic_map/environment/path.sh
[13.756s] -- Up-to-date symlink: /home/hassan/Desktop/traffic_map/install/traffic_map/share/traffic_map/environment/path.dsv
[13.756s] -- Up-to-date symlink: /home/hassan/Desktop/traffic_map/install/traffic_map/share/traffic_map/local_setup.bash
[13.756s] -- Up-to-date symlink: /home/hassan/Desktop/traffic_map/install/traffic_map/share/traffic_map/local_setup.sh
[13.757s] -- Up-to-date symlink: /home/hassan/Desktop/traffic_map/install/traffic_map/share/traffic_map/local_setup.zsh
[13.757s] -- Up-to-date symlink: /home/hassan/Desktop/traffic_map/install/traffic_map/share/traffic_map/local_setup.dsv
[13.757s] -- Symlinking: /home/hassan/Desktop/traffic_map/install/traffic_map/share/traffic_map/package.dsv
[13.764s] -- Up-to-date symlink: /home/hassan/Desktop/traffic_map/install/traffic_map/share/ament_index/resource_index/packages/traffic_map
[13.765s] -- Up-to-date symlink: /home/hassan/Desktop/traffic_map/install/traffic_map/share/traffic_map/cmake/traffic_mapConfig.cmake
[13.765s] -- Up-to-date symlink: /home/hassan/Desktop/traffic_map/install/traffic_map/share/traffic_map/cmake/traffic_mapConfig-version.cmake
[13.765s] -- Up-to-date symlink: /home/hassan/Desktop/traffic_map/install/traffic_map/share/traffic_map/package.xml
[13.767s] Invoked command in '/home/hassan/Desktop/traffic_map/build/traffic_map' returned '0': CMAKE_PREFIX_PATH=/opt/ros/humble /usr/bin/cmake --install /home/hassan/Desktop/traffic_map/build/traffic_map
