[0.158s] DEBUG:colcon:Command line arguments: ['/usr/bin/colcon', 'build', '--symlink-install', '--event-handlers', 'console_direct+']
[0.158s] DEBUG:colcon:Parsed command line arguments: Namespace(log_base=None, log_level=None, verb_name='build', build_base='build', install_base='install', merge_install=False, symlink_install=True, test_result_base=None, continue_on_error=False, executor='parallel', parallel_workers=12, event_handlers=['console_direct+'], ignore_user_meta=False, metas=['./colcon.meta'], base_paths=['.'], packages_ignore=None, packages_ignore_regex=None, paths=None, packages_up_to=None, packages_up_to_regex=None, packages_above=None, packages_above_and_dependencies=None, packages_above_depth=None, packages_select_by_dep=None, packages_skip_by_dep=None, packages_skip_up_to=None, packages_select_build_failed=False, packages_skip_build_finished=False, packages_select_test_failures=False, packages_skip_test_passed=False, packages_select=None, packages_skip=None, packages_select_regex=None, packages_skip_regex=None, packages_start=None, packages_end=None, allow_overriding=[], cmake_args=None, cmake_target=None, cmake_target_skip_unavailable=False, cmake_clean_cache=False, cmake_clean_first=False, cmake_force_configure=False, ament_cmake_args=None, catkin_cmake_args=None, catkin_skip_building_tests=False, mixin_files=None, mixin=None, verb_parser=<colcon_mixin.mixin.mixin_argument.MixinArgumentDecorator object at 0x7d88c6c567a0>, verb_extension=<colcon_core.verb.build.BuildVerb object at 0x7d88c6d679d0>, main=<bound method BuildVerb.main of <colcon_core.verb.build.BuildVerb object at 0x7d88c6d679d0>>, mixin_verb=('build',))
[0.392s] Level 1:colcon.colcon_core.package_discovery:discover_packages(colcon_meta) check parameters
[0.392s] Level 1:colcon.colcon_core.package_discovery:discover_packages(recursive) check parameters
[0.392s] Level 1:colcon.colcon_core.package_discovery:discover_packages(ignore) check parameters
[0.392s] Level 1:colcon.colcon_core.package_discovery:discover_packages(path) check parameters
[0.392s] Level 1:colcon.colcon_core.package_discovery:discover_packages(colcon_meta) discover
[0.392s] Level 1:colcon.colcon_core.package_discovery:discover_packages(recursive) discover
[0.392s] INFO:colcon.colcon_core.package_discovery:Crawling recursively for packages in '/home/hassan/Desktop/traffic_map'
[0.392s] Level 1:colcon.colcon_core.package_identification:_identify(.) by extensions ['ignore', 'ignore_ament_install']
[0.392s] Level 1:colcon.colcon_core.package_identification:_identify(.) by extension 'ignore'
[0.392s] Level 1:colcon.colcon_core.package_identification:_identify(.) by extension 'ignore_ament_install'
[0.392s] Level 1:colcon.colcon_core.package_identification:_identify(.) by extensions ['colcon_pkg']
[0.392s] Level 1:colcon.colcon_core.package_identification:_identify(.) by extension 'colcon_pkg'
[0.393s] Level 1:colcon.colcon_core.package_identification:_identify(.) by extensions ['colcon_meta']
[0.393s] Level 1:colcon.colcon_core.package_identification:_identify(.) by extension 'colcon_meta'
[0.393s] Level 1:colcon.colcon_core.package_identification:_identify(.) by extensions ['ros']
[0.393s] Level 1:colcon.colcon_core.package_identification:_identify(.) by extension 'ros'
[0.410s] DEBUG:colcon.colcon_core.package_identification:Package '.' with type 'ros.ament_cmake' and name 'traffic_map'
[0.410s] Level 1:colcon.colcon_core.package_discovery:discover_packages(recursive) using defaults
[0.410s] Level 1:colcon.colcon_core.package_discovery:discover_packages(ignore) discover
[0.410s] Level 1:colcon.colcon_core.package_discovery:discover_packages(ignore) using defaults
[0.410s] Level 1:colcon.colcon_core.package_discovery:discover_packages(path) discover
[0.411s] Level 1:colcon.colcon_core.package_discovery:discover_packages(path) using defaults
[0.456s] Level 1:colcon.colcon_core.package_discovery:discover_packages(prefix_path) check parameters
[0.456s] Level 1:colcon.colcon_core.package_discovery:discover_packages(prefix_path) discover
[0.459s] DEBUG:colcon.colcon_installed_package_information.package_discovery:Found 280 installed packages in /opt/ros/humble
[0.461s] Level 1:colcon.colcon_core.package_discovery:discover_packages(prefix_path) using defaults
[0.513s] Level 5:colcon.colcon_core.verb:set package 'traffic_map' build argument 'cmake_args' from command line to 'None'
[0.513s] Level 5:colcon.colcon_core.verb:set package 'traffic_map' build argument 'cmake_target' from command line to 'None'
[0.513s] Level 5:colcon.colcon_core.verb:set package 'traffic_map' build argument 'cmake_target_skip_unavailable' from command line to 'False'
[0.513s] Level 5:colcon.colcon_core.verb:set package 'traffic_map' build argument 'cmake_clean_cache' from command line to 'False'
[0.513s] Level 5:colcon.colcon_core.verb:set package 'traffic_map' build argument 'cmake_clean_first' from command line to 'False'
[0.513s] Level 5:colcon.colcon_core.verb:set package 'traffic_map' build argument 'cmake_force_configure' from command line to 'False'
[0.513s] Level 5:colcon.colcon_core.verb:set package 'traffic_map' build argument 'ament_cmake_args' from command line to 'None'
[0.513s] Level 5:colcon.colcon_core.verb:set package 'traffic_map' build argument 'catkin_cmake_args' from command line to 'None'
[0.513s] Level 5:colcon.colcon_core.verb:set package 'traffic_map' build argument 'catkin_skip_building_tests' from command line to 'False'
[0.514s] DEBUG:colcon.colcon_core.verb:Building package 'traffic_map' with the following arguments: {'ament_cmake_args': None, 'build_base': '/home/hassan/Desktop/traffic_map/build/traffic_map', 'catkin_cmake_args': None, 'catkin_skip_building_tests': False, 'cmake_args': None, 'cmake_clean_cache': False, 'cmake_clean_first': False, 'cmake_force_configure': False, 'cmake_target': None, 'cmake_target_skip_unavailable': False, 'install_base': '/home/hassan/Desktop/traffic_map/install/traffic_map', 'merge_install': False, 'path': '/home/hassan/Desktop/traffic_map', 'symlink_install': True, 'test_result_base': None}
[0.514s] INFO:colcon.colcon_core.executor:Executing jobs using 'parallel' executor
[0.515s] DEBUG:colcon.colcon_parallel_executor.executor.parallel:run_until_complete
[0.516s] INFO:colcon.colcon_ros.task.ament_cmake.build:Building ROS package in '/home/hassan/Desktop/traffic_map' with build type 'ament_cmake'
[0.516s] INFO:colcon.colcon_cmake.task.cmake.build:Building CMake package in '/home/hassan/Desktop/traffic_map'
[0.520s] INFO:colcon.colcon_core.plugin_system:Skipping extension 'colcon_core.shell.bat': Not used on non-Windows systems
[0.520s] INFO:colcon.colcon_core.shell:Skip shell extension 'powershell' for command environment: Not usable outside of PowerShell
[0.520s] DEBUG:colcon.colcon_core.shell:Skip shell extension 'dsv' for command environment
[0.534s] DEBUG:colcon.colcon_core.event_handler.log_command:Invoking command in '/home/hassan/Desktop/traffic_map/build/traffic_map': CMAKE_PREFIX_PATH=/opt/ros/humble /usr/bin/cmake --build /home/hassan/Desktop/traffic_map/build/traffic_map -- -j12 -l12
[18.250s] DEBUG:colcon.colcon_core.event_handler.log_command:Invoked command in '/home/hassan/Desktop/traffic_map/build/traffic_map' returned '0': CMAKE_PREFIX_PATH=/opt/ros/humble /usr/bin/cmake --build /home/hassan/Desktop/traffic_map/build/traffic_map -- -j12 -l12
[18.265s] DEBUG:colcon.colcon_core.event_handler.log_command:Invoking command in '/home/hassan/Desktop/traffic_map/build/traffic_map': CMAKE_PREFIX_PATH=/opt/ros/humble /usr/bin/cmake --install /home/hassan/Desktop/traffic_map/build/traffic_map
[18.296s] Level 1:colcon.colcon_core.environment:create_environment_scripts_only(traffic_map)
[18.297s] DEBUG:colcon.colcon_core.event_handler.log_command:Invoked command in '/home/hassan/Desktop/traffic_map/build/traffic_map' returned '0': CMAKE_PREFIX_PATH=/opt/ros/humble /usr/bin/cmake --install /home/hassan/Desktop/traffic_map/build/traffic_map
[18.300s] Level 1:colcon.colcon_core.environment:checking '/home/hassan/Desktop/traffic_map/install/traffic_map' for CMake module files
[18.301s] Level 1:colcon.colcon_core.environment:checking '/home/hassan/Desktop/traffic_map/install/traffic_map' for CMake config files
[18.302s] Level 1:colcon.colcon_core.shell:create_environment_hook('traffic_map', 'cmake_prefix_path')
[18.302s] INFO:colcon.colcon_core.shell:Creating environment hook '/home/hassan/Desktop/traffic_map/install/traffic_map/share/traffic_map/hook/cmake_prefix_path.ps1'
[18.303s] INFO:colcon.colcon_core.shell:Creating environment descriptor '/home/hassan/Desktop/traffic_map/install/traffic_map/share/traffic_map/hook/cmake_prefix_path.dsv'
[18.303s] INFO:colcon.colcon_core.shell:Creating environment hook '/home/hassan/Desktop/traffic_map/install/traffic_map/share/traffic_map/hook/cmake_prefix_path.sh'
[18.304s] Level 1:colcon.colcon_core.environment:checking '/home/hassan/Desktop/traffic_map/install/traffic_map/lib'
[18.305s] Level 1:colcon.colcon_core.shell:create_environment_hook('traffic_map', 'ld_library_path_lib')
[18.305s] INFO:colcon.colcon_core.shell:Creating environment hook '/home/hassan/Desktop/traffic_map/install/traffic_map/share/traffic_map/hook/ld_library_path_lib.ps1'
[18.305s] INFO:colcon.colcon_core.shell:Creating environment descriptor '/home/hassan/Desktop/traffic_map/install/traffic_map/share/traffic_map/hook/ld_library_path_lib.dsv'
[18.306s] INFO:colcon.colcon_core.shell:Creating environment hook '/home/hassan/Desktop/traffic_map/install/traffic_map/share/traffic_map/hook/ld_library_path_lib.sh'
[18.306s] Level 1:colcon.colcon_core.environment:checking '/home/hassan/Desktop/traffic_map/install/traffic_map/bin'
[18.306s] Level 1:colcon.colcon_core.environment:checking '/home/hassan/Desktop/traffic_map/install/traffic_map/lib/pkgconfig/traffic_map.pc'
[18.307s] Level 1:colcon.colcon_core.environment:checking '/home/hassan/Desktop/traffic_map/install/traffic_map/lib/python3.10/site-packages'
[18.307s] Level 1:colcon.colcon_core.environment:checking '/home/hassan/Desktop/traffic_map/install/traffic_map/bin'
[18.307s] INFO:colcon.colcon_core.shell:Creating package script '/home/hassan/Desktop/traffic_map/install/traffic_map/share/traffic_map/package.ps1'
[18.309s] INFO:colcon.colcon_core.shell:Creating package descriptor '/home/hassan/Desktop/traffic_map/install/traffic_map/share/traffic_map/package.dsv'
[18.310s] INFO:colcon.colcon_core.shell:Creating package script '/home/hassan/Desktop/traffic_map/install/traffic_map/share/traffic_map/package.sh'
[18.311s] INFO:colcon.colcon_core.shell:Creating package script '/home/hassan/Desktop/traffic_map/install/traffic_map/share/traffic_map/package.bash'
[18.312s] INFO:colcon.colcon_core.shell:Creating package script '/home/hassan/Desktop/traffic_map/install/traffic_map/share/traffic_map/package.zsh'
[18.313s] Level 1:colcon.colcon_core.environment:create_file_with_runtime_dependencies(/home/hassan/Desktop/traffic_map/install/traffic_map/share/colcon-core/packages/traffic_map)
[18.314s] Level 1:colcon.colcon_core.environment:create_environment_scripts_only(traffic_map)
[18.314s] Level 1:colcon.colcon_core.environment:checking '/home/hassan/Desktop/traffic_map/install/traffic_map' for CMake module files
[18.315s] Level 1:colcon.colcon_core.environment:checking '/home/hassan/Desktop/traffic_map/install/traffic_map' for CMake config files
[18.315s] Level 1:colcon.colcon_core.shell:create_environment_hook('traffic_map', 'cmake_prefix_path')
[18.316s] INFO:colcon.colcon_core.shell:Creating environment hook '/home/hassan/Desktop/traffic_map/install/traffic_map/share/traffic_map/hook/cmake_prefix_path.ps1'
[18.317s] INFO:colcon.colcon_core.shell:Creating environment descriptor '/home/hassan/Desktop/traffic_map/install/traffic_map/share/traffic_map/hook/cmake_prefix_path.dsv'
[18.317s] INFO:colcon.colcon_core.shell:Creating environment hook '/home/hassan/Desktop/traffic_map/install/traffic_map/share/traffic_map/hook/cmake_prefix_path.sh'
[18.319s] Level 1:colcon.colcon_core.environment:checking '/home/hassan/Desktop/traffic_map/install/traffic_map/lib'
[18.319s] Level 1:colcon.colcon_core.shell:create_environment_hook('traffic_map', 'ld_library_path_lib')
[18.319s] INFO:colcon.colcon_core.shell:Creating environment hook '/home/hassan/Desktop/traffic_map/install/traffic_map/share/traffic_map/hook/ld_library_path_lib.ps1'
[18.320s] INFO:colcon.colcon_core.shell:Creating environment descriptor '/home/hassan/Desktop/traffic_map/install/traffic_map/share/traffic_map/hook/ld_library_path_lib.dsv'
[18.321s] INFO:colcon.colcon_core.shell:Creating environment hook '/home/hassan/Desktop/traffic_map/install/traffic_map/share/traffic_map/hook/ld_library_path_lib.sh'
[18.321s] Level 1:colcon.colcon_core.environment:checking '/home/hassan/Desktop/traffic_map/install/traffic_map/bin'
[18.321s] Level 1:colcon.colcon_core.environment:checking '/home/hassan/Desktop/traffic_map/install/traffic_map/lib/pkgconfig/traffic_map.pc'
[18.322s] Level 1:colcon.colcon_core.environment:checking '/home/hassan/Desktop/traffic_map/install/traffic_map/lib/python3.10/site-packages'
[18.322s] Level 1:colcon.colcon_core.environment:checking '/home/hassan/Desktop/traffic_map/install/traffic_map/bin'
[18.324s] INFO:colcon.colcon_core.shell:Creating package script '/home/hassan/Desktop/traffic_map/install/traffic_map/share/traffic_map/package.ps1'
[18.325s] INFO:colcon.colcon_core.shell:Creating package descriptor '/home/hassan/Desktop/traffic_map/install/traffic_map/share/traffic_map/package.dsv'
[18.326s] INFO:colcon.colcon_core.shell:Creating package script '/home/hassan/Desktop/traffic_map/install/traffic_map/share/traffic_map/package.sh'
[18.327s] INFO:colcon.colcon_core.shell:Creating package script '/home/hassan/Desktop/traffic_map/install/traffic_map/share/traffic_map/package.bash'
[18.327s] INFO:colcon.colcon_core.shell:Creating package script '/home/hassan/Desktop/traffic_map/install/traffic_map/share/traffic_map/package.zsh'
[18.328s] Level 1:colcon.colcon_core.environment:create_file_with_runtime_dependencies(/home/hassan/Desktop/traffic_map/install/traffic_map/share/colcon-core/packages/traffic_map)
[18.328s] DEBUG:colcon.colcon_parallel_executor.executor.parallel:closing loop
[18.328s] DEBUG:colcon.colcon_parallel_executor.executor.parallel:loop closed
[18.328s] DEBUG:colcon.colcon_parallel_executor.executor.parallel:run_until_complete finished with '0'
[18.329s] DEBUG:colcon.colcon_core.event_reactor:joining thread
[18.334s] INFO:colcon.colcon_core.plugin_system:Skipping extension 'colcon_notification.desktop_notification.terminal_notifier': Not used on non-Darwin systems
[18.334s] INFO:colcon.colcon_core.plugin_system:Skipping extension 'colcon_notification.desktop_notification.win32': Not used on non-Windows systems
[18.334s] INFO:colcon.colcon_notification.desktop_notification:Sending desktop notification using 'notify2'
[18.334s] DEBUG:colcon.colcon_notification.desktop_notification.notify2:Failed to initialize notify2: org.freedesktop.DBus.Error.AccessDenied: Failed to connect to socket /run/user/1000/bus: Operation not permitted
[18.334s] DEBUG:colcon.colcon_core.event_reactor:joined thread
[18.335s] INFO:colcon.colcon_core.shell:Creating prefix script '/home/hassan/Desktop/traffic_map/install/local_setup.ps1'
[18.336s] INFO:colcon.colcon_core.shell:Creating prefix util module '/home/hassan/Desktop/traffic_map/install/_local_setup_util_ps1.py'
[18.339s] INFO:colcon.colcon_core.shell:Creating prefix chain script '/home/hassan/Desktop/traffic_map/install/setup.ps1'
[18.342s] INFO:colcon.colcon_core.shell:Creating prefix script '/home/hassan/Desktop/traffic_map/install/local_setup.sh'
[18.343s] INFO:colcon.colcon_core.shell:Creating prefix util module '/home/hassan/Desktop/traffic_map/install/_local_setup_util_sh.py'
[18.344s] INFO:colcon.colcon_core.shell:Creating prefix chain script '/home/hassan/Desktop/traffic_map/install/setup.sh'
[18.346s] INFO:colcon.colcon_core.shell:Creating prefix script '/home/hassan/Desktop/traffic_map/install/local_setup.bash'
[18.347s] INFO:colcon.colcon_core.shell:Creating prefix chain script '/home/hassan/Desktop/traffic_map/install/setup.bash'
[18.348s] INFO:colcon.colcon_core.shell:Creating prefix script '/home/hassan/Desktop/traffic_map/install/local_setup.zsh'
[18.349s] INFO:colcon.colcon_core.shell:Creating prefix chain script '/home/hassan/Desktop/traffic_map/install/setup.zsh'
