[0.493s] DEBUG:colcon:Command line arguments: ['/usr/bin/colcon', 'build', '--symlink-install']
[0.493s] DEBUG:colcon:Parsed command line arguments: Namespace(log_base=None, log_level=None, verb_name='build', build_base='build', install_base='install', merge_install=False, symlink_install=True, test_result_base=None, continue_on_error=False, executor='parallel', parallel_workers=12, event_handlers=None, ignore_user_meta=False, metas=['./colcon.meta'], base_paths=['.'], packages_ignore=None, packages_ignore_regex=None, paths=None, packages_up_to=None, packages_up_to_regex=None, packages_above=None, packages_above_and_dependencies=None, packages_above_depth=None, packages_select_by_dep=None, packages_skip_by_dep=None, packages_skip_up_to=None, packages_select_build_failed=False, packages_skip_build_finished=False, packages_select_test_failures=False, packages_skip_test_passed=False, packages_select=None, packages_skip=None, packages_select_regex=None, packages_skip_regex=None, packages_start=None, packages_end=None, allow_overriding=[], cmake_args=None, cmake_target=None, cmake_target_skip_unavailable=False, cmake_clean_cache=False, cmake_clean_first=False, cmake_force_configure=False, ament_cmake_args=None, catkin_cmake_args=None, catkin_skip_building_tests=False, mixin_files=None, mixin=None, verb_parser=<colcon_mixin.mixin.mixin_argument.MixinArgumentDecorator object at 0x7ba4de761ea0>, verb_extension=<colcon_core.verb.build.BuildVerb object at 0x7ba4de8770d0>, main=<bound method BuildVerb.main of <colcon_core.verb.build.BuildVerb object at 0x7ba4de8770d0>>, mixin_verb=('build',))
[1.225s] Level 1:colcon.colcon_core.package_discovery:discover_packages(colcon_meta) check parameters
[1.225s] Level 1:colcon.colcon_core.package_discovery:discover_packages(recursive) check parameters
[1.225s] Level 1:colcon.colcon_core.package_discovery:discover_packages(ignore) check parameters
[1.226s] Level 1:colcon.colcon_core.package_discovery:discover_packages(path) check parameters
[1.226s] Level 1:colcon.colcon_core.package_discovery:discover_packages(colcon_meta) discover
[1.226s] Level 1:colcon.colcon_core.package_discovery:discover_packages(recursive) discover
[1.226s] INFO:colcon.colcon_core.package_discovery:Crawling recursively for packages in '/home/hassan/Desktop/traffic_map'
[1.227s] Level 1:colcon.colcon_core.package_identification:_identify(.) by extensions ['ignore', 'ignore_ament_install']
[1.227s] Level 1:colcon.colcon_core.package_identification:_identify(.) by extension 'ignore'
[1.227s] Level 1:colcon.colcon_core.package_identification:_identify(.) by extension 'ignore_ament_install'
[1.228s] Level 1:colcon.colcon_core.package_identification:_identify(.) by extensions ['colcon_pkg']
[1.228s] Level 1:colcon.colcon_core.package_identification:_identify(.) by extension 'colcon_pkg'
[1.228s] Level 1:colcon.colcon_core.package_identification:_identify(.) by extensions ['colcon_meta']
[1.228s] Level 1:colcon.colcon_core.package_identification:_identify(.) by extension 'colcon_meta'
[1.228s] Level 1:colcon.colcon_core.package_identification:_identify(.) by extensions ['ros']
[1.228s] Level 1:colcon.colcon_core.package_identification:_identify(.) by extension 'ros'
[1.283s] DEBUG:colcon.colcon_core.package_identification:Package '.' with type 'ros.ament_cmake' and name 'traffic_map'
[1.283s] Level 1:colcon.colcon_core.package_discovery:discover_packages(recursive) using defaults
[1.283s] Level 1:colcon.colcon_core.package_discovery:discover_packages(ignore) discover
[1.284s] Level 1:colcon.colcon_core.package_discovery:discover_packages(ignore) using defaults
[1.284s] Level 1:colcon.colcon_core.package_discovery:discover_packages(path) discover
[1.284s] Level 1:colcon.colcon_core.package_discovery:discover_packages(path) using defaults
[1.403s] Level 1:colcon.colcon_core.package_discovery:discover_packages(prefix_path) check parameters
[1.403s] Level 1:colcon.colcon_core.package_discovery:discover_packages(prefix_path) discover
[1.413s] DEBUG:colcon.colcon_installed_package_information.package_discovery:Found 273 installed packages in /opt/ros/humble
[1.419s] Level 1:colcon.colcon_core.package_discovery:discover_packages(prefix_path) using defaults
[1.595s] Level 5:colcon.colcon_core.verb:set package 'traffic_map' build argument 'cmake_args' from command line to 'None'
[1.595s] Level 5:colcon.colcon_core.verb:set package 'traffic_map' build argument 'cmake_target' from command line to 'None'
[1.596s] Level 5:colcon.colcon_core.verb:set package 'traffic_map' build argument 'cmake_target_skip_unavailable' from command line to 'False'
[1.596s] Level 5:colcon.colcon_core.verb:set package 'traffic_map' build argument 'cmake_clean_cache' from command line to 'False'
[1.596s] Level 5:colcon.colcon_core.verb:set package 'traffic_map' build argument 'cmake_clean_first' from command line to 'False'
[1.596s] Level 5:colcon.colcon_core.verb:set package 'traffic_map' build argument 'cmake_force_configure' from command line to 'False'
[1.596s] Level 5:colcon.colcon_core.verb:set package 'traffic_map' build argument 'ament_cmake_args' from command line to 'None'
[1.596s] Level 5:colcon.colcon_core.verb:set package 'traffic_map' build argument 'catkin_cmake_args' from command line to 'None'
[1.596s] Level 5:colcon.colcon_core.verb:set package 'traffic_map' build argument 'catkin_skip_building_tests' from command line to 'False'
[1.596s] DEBUG:colcon.colcon_core.verb:Building package 'traffic_map' with the following arguments: {'ament_cmake_args': None, 'build_base': '/home/hassan/Desktop/traffic_map/build/traffic_map', 'catkin_cmake_args': None, 'catkin_skip_building_tests': False, 'cmake_args': None, 'cmake_clean_cache': False, 'cmake_clean_first': False, 'cmake_force_configure': False, 'cmake_target': None, 'cmake_target_skip_unavailable': False, 'install_base': '/home/hassan/Desktop/traffic_map/install/traffic_map', 'merge_install': False, 'path': '/home/hassan/Desktop/traffic_map', 'symlink_install': True, 'test_result_base': None}
[1.597s] INFO:colcon.colcon_core.executor:Executing jobs using 'parallel' executor
[1.600s] DEBUG:colcon.colcon_parallel_executor.executor.parallel:run_until_complete
[1.601s] INFO:colcon.colcon_ros.task.ament_cmake.build:Building ROS package in '/home/hassan/Desktop/traffic_map' with build type 'ament_cmake'
[1.602s] INFO:colcon.colcon_cmake.task.cmake.build:Building CMake package in '/home/hassan/Desktop/traffic_map'
[1.609s] INFO:colcon.colcon_core.plugin_system:Skipping extension 'colcon_core.shell.bat': Not used on non-Windows systems
[1.610s] INFO:colcon.colcon_core.shell:Skip shell extension 'powershell' for command environment: Not usable outside of PowerShell
[1.611s] DEBUG:colcon.colcon_core.shell:Skip shell extension 'dsv' for command environment
[1.645s] DEBUG:colcon.colcon_core.event_handler.log_command:Invoking command in '/home/hassan/Desktop/traffic_map/build/traffic_map': CMAKE_PREFIX_PATH=/opt/ros/humble /usr/bin/cmake --build /home/hassan/Desktop/traffic_map/build/traffic_map -- -j12 -l12
[1.953s] DEBUG:colcon.colcon_core.event_handler.log_command:Invoked command in '/home/hassan/Desktop/traffic_map/build/traffic_map' returned '0': CMAKE_PREFIX_PATH=/opt/ros/humble /usr/bin/cmake --build /home/hassan/Desktop/traffic_map/build/traffic_map -- -j12 -l12
[1.987s] DEBUG:colcon.colcon_core.event_handler.log_command:Invoking command in '/home/hassan/Desktop/traffic_map/build/traffic_map': CMAKE_PREFIX_PATH=/opt/ros/humble /usr/bin/cmake --install /home/hassan/Desktop/traffic_map/build/traffic_map
[2.056s] Level 1:colcon.colcon_core.environment:create_environment_scripts_only(traffic_map)
[2.058s] DEBUG:colcon.colcon_core.event_handler.log_command:Invoked command in '/home/hassan/Desktop/traffic_map/build/traffic_map' returned '0': CMAKE_PREFIX_PATH=/opt/ros/humble /usr/bin/cmake --install /home/hassan/Desktop/traffic_map/build/traffic_map
[2.067s] Level 1:colcon.colcon_core.environment:checking '/home/hassan/Desktop/traffic_map/install/traffic_map' for CMake module files
[2.069s] Level 1:colcon.colcon_core.environment:checking '/home/hassan/Desktop/traffic_map/install/traffic_map' for CMake config files
[2.070s] Level 1:colcon.colcon_core.shell:create_environment_hook('traffic_map', 'cmake_prefix_path')
[2.071s] INFO:colcon.colcon_core.shell:Creating environment hook '/home/hassan/Desktop/traffic_map/install/traffic_map/share/traffic_map/hook/cmake_prefix_path.ps1'
[2.073s] INFO:colcon.colcon_core.shell:Creating environment descriptor '/home/hassan/Desktop/traffic_map/install/traffic_map/share/traffic_map/hook/cmake_prefix_path.dsv'
[2.075s] INFO:colcon.colcon_core.shell:Creating environment hook '/home/hassan/Desktop/traffic_map/install/traffic_map/share/traffic_map/hook/cmake_prefix_path.sh'
[2.078s] Level 1:colcon.colcon_core.environment:checking '/home/hassan/Desktop/traffic_map/install/traffic_map/lib'
[2.079s] Level 1:colcon.colcon_core.environment:checking '/home/hassan/Desktop/traffic_map/install/traffic_map/bin'
[2.079s] Level 1:colcon.colcon_core.environment:checking '/home/hassan/Desktop/traffic_map/install/traffic_map/lib/pkgconfig/traffic_map.pc'
[2.080s] Level 1:colcon.colcon_core.environment:checking '/home/hassan/Desktop/traffic_map/install/traffic_map/lib/python3.10/site-packages'
[2.082s] Level 1:colcon.colcon_core.environment:checking '/home/hassan/Desktop/traffic_map/install/traffic_map/bin'
[2.083s] INFO:colcon.colcon_core.shell:Creating package script '/home/hassan/Desktop/traffic_map/install/traffic_map/share/traffic_map/package.ps1'
[2.087s] INFO:colcon.colcon_core.shell:Creating package descriptor '/home/hassan/Desktop/traffic_map/install/traffic_map/share/traffic_map/package.dsv'
[2.089s] INFO:colcon.colcon_core.shell:Creating package script '/home/hassan/Desktop/traffic_map/install/traffic_map/share/traffic_map/package.sh'
[2.092s] INFO:colcon.colcon_core.shell:Creating package script '/home/hassan/Desktop/traffic_map/install/traffic_map/share/traffic_map/package.bash'
[2.095s] INFO:colcon.colcon_core.shell:Creating package script '/home/hassan/Desktop/traffic_map/install/traffic_map/share/traffic_map/package.zsh'
[2.098s] Level 1:colcon.colcon_core.environment:create_file_with_runtime_dependencies(/home/hassan/Desktop/traffic_map/install/traffic_map/share/colcon-core/packages/traffic_map)
[2.100s] Level 1:colcon.colcon_core.environment:create_environment_scripts_only(traffic_map)
[2.101s] Level 1:colcon.colcon_core.environment:checking '/home/hassan/Desktop/traffic_map/install/traffic_map' for CMake module files
[2.103s] Level 1:colcon.colcon_core.environment:checking '/home/hassan/Desktop/traffic_map/install/traffic_map' for CMake config files
[2.104s] Level 1:colcon.colcon_core.shell:create_environment_hook('traffic_map', 'cmake_prefix_path')
[2.105s] INFO:colcon.colcon_core.shell:Creating environment hook '/home/hassan/Desktop/traffic_map/install/traffic_map/share/traffic_map/hook/cmake_prefix_path.ps1'
[2.107s] INFO:colcon.colcon_core.shell:Creating environment descriptor '/home/hassan/Desktop/traffic_map/install/traffic_map/share/traffic_map/hook/cmake_prefix_path.dsv'
[2.108s] INFO:colcon.colcon_core.shell:Creating environment hook '/home/hassan/Desktop/traffic_map/install/traffic_map/share/traffic_map/hook/cmake_prefix_path.sh'
[2.111s] Level 1:colcon.colcon_core.environment:checking '/home/hassan/Desktop/traffic_map/install/traffic_map/lib'
[2.111s] Level 1:colcon.colcon_core.environment:checking '/home/hassan/Desktop/traffic_map/install/traffic_map/bin'
[2.111s] Level 1:colcon.colcon_core.environment:checking '/home/hassan/Desktop/traffic_map/install/traffic_map/lib/pkgconfig/traffic_map.pc'
[2.112s] Level 1:colcon.colcon_core.environment:checking '/home/hassan/Desktop/traffic_map/install/traffic_map/lib/python3.10/site-packages'
[2.114s] Level 1:colcon.colcon_core.environment:checking '/home/hassan/Desktop/traffic_map/install/traffic_map/bin'
[2.115s] INFO:colcon.colcon_core.shell:Creating package script '/home/hassan/Desktop/traffic_map/install/traffic_map/share/traffic_map/package.ps1'
[2.118s] INFO:colcon.colcon_core.shell:Creating package descriptor '/home/hassan/Desktop/traffic_map/install/traffic_map/share/traffic_map/package.dsv'
[2.120s] INFO:colcon.colcon_core.shell:Creating package script '/home/hassan/Desktop/traffic_map/install/traffic_map/share/traffic_map/package.sh'
[2.121s] INFO:colcon.colcon_core.shell:Creating package script '/home/hassan/Desktop/traffic_map/install/traffic_map/share/traffic_map/package.bash'
[2.123s] INFO:colcon.colcon_core.shell:Creating package script '/home/hassan/Desktop/traffic_map/install/traffic_map/share/traffic_map/package.zsh'
[2.125s] Level 1:colcon.colcon_core.environment:create_file_with_runtime_dependencies(/home/hassan/Desktop/traffic_map/install/traffic_map/share/colcon-core/packages/traffic_map)
[2.126s] DEBUG:colcon.colcon_parallel_executor.executor.parallel:closing loop
[2.127s] DEBUG:colcon.colcon_parallel_executor.executor.parallel:loop closed
[2.127s] DEBUG:colcon.colcon_parallel_executor.executor.parallel:run_until_complete finished with '0'
[2.127s] DEBUG:colcon.colcon_core.event_reactor:joining thread
[2.154s] INFO:colcon.colcon_core.plugin_system:Skipping extension 'colcon_notification.desktop_notification.terminal_notifier': Not used on non-Darwin systems
[2.154s] INFO:colcon.colcon_core.plugin_system:Skipping extension 'colcon_notification.desktop_notification.win32': Not used on non-Windows systems
[2.155s] INFO:colcon.colcon_notification.desktop_notification:Sending desktop notification using 'notify2'
[2.188s] DEBUG:colcon.colcon_core.event_reactor:joined thread
[2.190s] INFO:colcon.colcon_core.shell:Creating prefix script '/home/hassan/Desktop/traffic_map/install/local_setup.ps1'
[2.194s] INFO:colcon.colcon_core.shell:Creating prefix util module '/home/hassan/Desktop/traffic_map/install/_local_setup_util_ps1.py'
[2.200s] INFO:colcon.colcon_core.shell:Creating prefix chain script '/home/hassan/Desktop/traffic_map/install/setup.ps1'
[2.204s] INFO:colcon.colcon_core.shell:Creating prefix script '/home/hassan/Desktop/traffic_map/install/local_setup.sh'
[2.206s] INFO:colcon.colcon_core.shell:Creating prefix util module '/home/hassan/Desktop/traffic_map/install/_local_setup_util_sh.py'
[2.209s] INFO:colcon.colcon_core.shell:Creating prefix chain script '/home/hassan/Desktop/traffic_map/install/setup.sh'
[2.213s] INFO:colcon.colcon_core.shell:Creating prefix script '/home/hassan/Desktop/traffic_map/install/local_setup.bash'
[2.215s] INFO:colcon.colcon_core.shell:Creating prefix chain script '/home/hassan/Desktop/traffic_map/install/setup.bash'
[2.218s] INFO:colcon.colcon_core.shell:Creating prefix script '/home/hassan/Desktop/traffic_map/install/local_setup.zsh'
[2.220s] INFO:colcon.colcon_core.shell:Creating prefix chain script '/home/hassan/Desktop/traffic_map/install/setup.zsh'
